7237  futex(0xc00004c948, FUTEX_WAIT_PRIVATE, 0, NULL <unfinished ...>
7236  <... nanosleep resumed>NULL)      = 0
7235  futex(0xc00004c948, FUTEX_WAKE_PRIVATE, 1 <unfinished ...>
7241  futex(0xc00004d148, FUTEX_WAIT_PRIVATE, 0, NULL <unfinished ...>
7237  <... futex resumed>)              = -1 EAGAIN (Resource temporarily unavailable)
7236  nanosleep({tv_sec=0, tv_nsec=20000},  <unfinished ...>
7235  <... futex resumed>)              = 0
7237  nanosleep({tv_sec=0, tv_nsec=3000},  <unfinished ...>
7235  rt_sigprocmask(SIG_SETMASK, ~[HUP INT QUIT ILL TRAP ABRT BUS FPE USR1 SEGV USR2 TERM STKFLT CHLD URG PROF SYS RTMIN RT_1 RT_2],  <unfinished ...>
7236  <... nanosleep resumed>NULL)      = 0
7237  <... nanosleep resumed>NULL)      = 0
7235  <... rt_sigprocmask resumed>NULL, 8) = 0
7236  nanosleep({tv_sec=0, tv_nsec=20000},  <unfinished ...>
7237  futex(0xc00004d148, FUTEX_WAKE_PRIVATE, 1 <unfinished ...>
7235  futex(0x5568b10099c8, FUTEX_WAIT_PRIVATE, 0, NULL <unfinished ...>
7241  <... futex resumed>)              = 0
7237  <... futex resumed>)              = 1
7241  futex(0xc00004d148, FUTEX_WAIT_PRIVATE, 0, NULL <unfinished ...>
7237  futex(0x5568b10099c8, FUTEX_WAKE_PRIVATE, 1 <unfinished ...>
7236  <... nanosleep resumed>NULL)      = 0
7237  <... futex resumed>)              = 1
7236  nanosleep({tv_sec=0, tv_nsec=20000},  <unfinished ...>
7235  <... futex resumed>)              = 0
7237  futex(0xc00004c948, FUTEX_WAIT_PRIVATE, 0, NULL <unfinished ...>
7235  futex(0xc00004c948, FUTEX_WAKE_PRIVATE, 1 <unfinished ...>
7237  <... futex resumed>)              = -1 EAGAIN (Resource temporarily unavailable)
7235  <... futex resumed>)              = 0
7237  nanosleep({tv_sec=0, tv_nsec=3000},  <unfinished ...>
7236  <... nanosleep resumed>NULL)      = 0
7235  rt_sigprocmask(SIG_SETMASK, ~[HUP INT QUIT ILL TRAP ABRT BUS FPE USR1 SEGV USR2 PIPE TERM STKFLT CHLD URG PROF SYS RTMIN RT_1 RT_2],  <unfinished ...>
7236  nanosleep({tv_sec=0, tv_nsec=20000},  <unfinished ...>
7235  <... rt_sigprocmask resumed>NULL, 8) = 0
7237  <... nanosleep resumed>NULL)      = 0
7235  futex(0xc00004d148, FUTEX_WAKE_PRIVATE, 1 <unfinished ...>
7241  <... futex resumed>)              = 0
7237  futex(0xc000080148, FUTEX_WAKE_PRIVATE, 1 <unfinished ...>
7236  <... nanosleep resumed>NULL)      = 0
7235  <... futex resumed>)              = 1
7241  futex(0xc00004d148, FUTEX_WAIT_PRIVATE, 0, NULL <unfinished ...>
7237  <... futex resumed>)              = 1
7239  <... futex resumed>)              = 0
7236  nanosleep({tv_sec=0, tv_nsec=20000},  <unfinished ...>
7235  futex(0x5568b10099c8, FUTEX_WAIT_PRIVATE, 0, NULL <unfinished ...>
7239  futex(0xc000080148, FUTEX_WAIT_PRIVATE, 0, NULL <unfinished ...>
7237  futex(0x5568b10099c8, FUTEX_WAKE_PRIVATE, 1 <unfinished ...>
7235  <... futex resumed>)              = -1 EAGAIN (Resource temporarily unavailable)
7237  <... futex resumed>)              = 0
7237  futex(0xc00004c948, FUTEX_WAIT_PRIVATE, 0, NULL <unfinished ...>
7236  <... nanosleep resumed>NULL)      = 0
7235  futex(0xc00004c948, FUTEX_WAKE_PRIVATE, 1 <unfinished ...>
7237  <... futex resumed>)              = -1 EAGAIN (Resource temporarily unavailable)
7236  nanosleep({tv_sec=0, tv_nsec=20000},  <unfinished ...>
7235  <... futex resumed>)              = 0
7237  nanosleep({tv_sec=0, tv_nsec=3000},  <unfinished ...>
7235  rt_sigprocmask(SIG_SETMASK, ~[HUP INT QUIT ILL TRAP ABRT BUS FPE USR1 SEGV USR2 PIPE ALRM TERM STKFLT CHLD URG PROF SYS RTMIN RT_1 RT_2],  <unfinished ...>
7237  <... nanosleep resumed>NULL)      = 0
7236  <... nanosleep resumed>NULL)      = 0
7235  <... rt_sigprocmask resumed>NULL, 8) = 0
7237  futex(0xc000080148, FUTEX_WAKE_PRIVATE, 1 <unfinished ...>
7236  nanosleep({tv_sec=0, tv_nsec=20000},  <unfinished ...>
7235  futex(0x5568b10099c8, FUTEX_WAIT_PRIVATE, 0, NULL <unfinished ...>
7239  <... futex resumed>)              = 0
7237  <... futex resumed>)              = 1
7239  futex(0xc000080148, FUTEX_WAIT_PRIVATE, 0, NULL <unfinished ...>
7237  futex(0xc000080148, FUTEX_WAKE_PRIVATE, 1 <unfinished ...>
7239  <... futex resumed>)              = -1 EAGAIN (Resource temporarily unavailable)
7237  <... futex resumed>)              = 0
7236  <... nanosleep resumed>NULL)      = 0
7239  nanosleep({tv_sec=0, tv_nsec=3000},  <unfinished ...>
7237  futex(0x5568b10099c8, FUTEX_WAKE_PRIVATE, 1 <unfinished ...>
7236  nanosleep({tv_sec=0, tv_nsec=20000},  <unfinished ...>
7237  <... futex resumed>)              = 1
7235  <... futex resumed>)              = 0
7239  <... nanosleep resumed>NULL)      = 0
7237  futex(0xc00004c948, FUTEX_WAIT_PRIVATE, 0, NULL <unfinished ...>
7235  rt_sigprocmask(SIG_SETMASK, ~[HUP INT QUIT ILL TRAP ABRT BUS FPE USR1 SEGV USR2 PIPE ALRM TERM STKFLT CHLD URG PROF SYS RTMIN RT_1 RT_2],  <unfinished ...>
7239  nanosleep({tv_sec=0, tv_nsec=3000},  <unfinished ...>
7236  <... nanosleep resumed>NULL)      = 0
7235  <... rt_sigprocmask resumed>NULL, 8) = 0
7236  nanosleep({tv_sec=0, tv_nsec=20000},  <unfinished ...>
7235  futex(0xc00004c948, FUTEX_WAKE_PRIVATE, 1 <unfinished ...>
7239  <... nanosleep resumed>NULL)      = 0
7237  <... futex resumed>)              = 0
7235  <... futex resumed>)              = 1
7239  futex(0xc00004d148, FUTEX_WAKE_PRIVATE, 1 <unfinished ...>
7237  futex(0xc00004c948, FUTEX_WAIT_PRIVATE, 0, NULL <unfinished ...>
7235  futex(0x5568b10099c8, FUTEX_WAIT_PRIVATE, 0, NULL <unfinished ...>
7239  <... futex resumed>)              = 1
7241  <... futex resumed>)              = 0
7236  <... nanosleep resumed>NULL)      = 0
7239  futex(0x5568b10099c8, FUTEX_WAKE_PRIVATE, 1 <unfinished ...>
7236  nanosleep({tv_sec=0, tv_nsec=20000},  <unfinished ...>
7241  futex(0xc00004d148, FUTEX_WAIT_PRIVATE, 0, NULL <unfinished ...>
7239  <... futex resumed>)              = 1
7235  <... futex resumed>)              = 0
7239  futex(0xc000080148, FUTEX_WAIT_PRIVATE, 0, NULL <unfinished ...>
7235  futex(0xc000080148, FUTEX_WAKE_PRIVATE, 1 <unfinished ...>
7239  <... futex resumed>)              = -1 EAGAIN (Resource temporarily unavailable)
7236  <... nanosleep resumed>NULL)      = 0
7235  <... futex resumed>)              = 0
7239  nanosleep({tv_sec=0, tv_nsec=3000},  <unfinished ...>
7236  nanosleep({tv_sec=0, tv_nsec=20000},  <unfinished ...>
7235  rt_sigprocmask(SIG_SETMASK, ~[HUP INT QUIT ILL TRAP ABRT BUS FPE USR1 SEGV USR2 PIPE ALRM TERM STKFLT CHLD URG PROF SYS RTMIN RT_1 RT_2], NULL, 8) = 0
7239  <... nanosleep resumed>NULL)      = 0
7236  <... nanosleep resumed>NULL)      = 0
7235  futex(0xc00004d148, FUTEX_WAKE_PRIVATE, 1 <unfinished ...>
7241  <... futex resumed>)              = 0
7239  futex(0xc00004c948, FUTEX_WAKE_PRIVATE, 1 <unfinished ...>
7236  nanosleep({tv_sec=0, tv_nsec=20000},  <unfinished ...>
7235  <... futex resumed>)              = 1
7241  futex(0xc00004d148, FUTEX_WAIT_PRIVATE, 0, NULL <unfinished ...>
7239  <... futex resumed>)              = 1
7237  <... futex resumed>)              = 0
7236  <... nanosleep resumed>NULL)      = 0
7235  futex(0x5568b10099c8, FUTEX_WAIT_PRIVATE, 0, NULL <unfinished ...>
7239  futex(0x5568b10099c8, FUTEX_WAKE_PRIVATE, 1 <unfinished ...>
7237  futex(0xc00004c948, FUTEX_WAIT_PRIVATE, 0, NULL <unfinished ...>
7239  <... futex resumed>)              = 0
7236  nanosleep({tv_sec=0, tv_nsec=20000},  <unfinished ...>
7235  <... futex resumed>)              = -1 EAGAIN (Resource temporarily unavailable)
7239  futex(0xc000080148, FUTEX_WAIT_PRIVATE, 0, NULL <unfinished ...>
7235  futex(0xc000080148, FUTEX_WAKE_PRIVATE, 1 <unfinished ...>
7239  <... futex resumed>)              = -1 EAGAIN (Resource temporarily unavailable)
7235  <... futex resumed>)              = 0
7239  nanosleep({tv_sec=0, tv_nsec=3000},  <unfinished ...>
7236  <... nanosleep resumed>NULL)      = 0
7235  rt_sigprocmask(SIG_SETMASK, [KILL STOP TSTP TTIN TTOU XCPU XFSZ VTALRM WINCH IO PWR RT_3 RT_4 RT_5 RT_6 RT_7 RT_8 RT_9 RT_10 RT_11 RT_12 RT_13 RT_14 RT_15 RT_16 RT_17 RT_18 RT_19 RT_20 RT_21 RT_22 RT_23 RT_24 RT_25 RT_26 RT_27 RT_28 RT_29 RT_30 RT_31 RT_32],  <unfinished ...>
7236  nanosleep({tv_sec=0, tv_nsec=20000},  <unfinished ...>
7235  <... rt_sigprocmask resumed>NULL, 8) = 0
7239  <... nanosleep resumed>NULL)      = 0
7235  futex(0xc00004c948, FUTEX_WAKE_PRIVATE, 1 <unfinished ...>
7239  futex(0xc00004d148, FUTEX_WAKE_PRIVATE, 1 <unfinished ...>
7237  <... futex resumed>)              = 0
7236  <... nanosleep resumed>NULL)      = 0
7235  <... futex resumed>)              = 1
7241  <... futex resumed>)              = 0
7239  <... futex resumed>)              = 1
7237  futex(0xc00004c948, FUTEX_WAIT_PRIVATE, 0, NULL <unfinished ...>
7236  nanosleep({tv_sec=0, tv_nsec=20000},  <unfinished ...>
7241  futex(0xc00004d148, FUTEX_WAIT_PRIVATE, 0, NULL <unfinished ...>
7239  futex(0xc00004d148, FUTEX_WAKE_PRIVATE, 1 <unfinished ...>
7235  futex(0x5568b10099c8, FUTEX_WAIT_PRIVATE, 0, NULL <unfinished ...>
7241  <... futex resumed>)              = -1 EAGAIN (Resource temporarily unavailable)
7239  <... futex resumed>)              = 0
7241  nanosleep({tv_sec=0, tv_nsec=3000},  <unfinished ...>
7239  rt_sigaction(SIGCONT, NULL,  <unfinished ...>
7236  <... nanosleep resumed>NULL)      = 0
7239  <... rt_sigaction resumed>{sa_handler=SIG_DFL, sa_mask=[], sa_flags=0}, 8) = 0
7236  nanosleep({tv_sec=0, tv_nsec=20000},  <unfinished ...>
7241  <... nanosleep resumed>NULL)      = 0
7239  rt_sigaction(SIGCONT, {sa_handler=0x5568b080e740, sa_mask=~[RTMIN RT_1], sa_flags=SA_RESTORER|SA_ONSTACK|SA_RESTART|SA_SIGINFO, sa_restorer=0x7f530a042520},  <unfinished ...>
7241  futex(0xc00004c948, FUTEX_WAKE_PRIVATE, 1 <unfinished ...>
7239  <... rt_sigaction resumed>NULL, 8) = 0
7241  <... futex resumed>)              = 1
7239  futex(0xc000080148, FUTEX_WAIT_PRIVATE, 0, NULL <unfinished ...>
7237  <... futex resumed>)              = 0
7236  <... nanosleep resumed>NULL)      = 0
7241  futex(0x5568b10099c8, FUTEX_WAKE_PRIVATE, 1 <unfinished ...>
7237  futex(0xc00004c948, FUTEX_WAIT_PRIVATE, 0, NULL <unfinished ...>
7236  nanosleep({tv_sec=0, tv_nsec=20000},  <unfinished ...>
7241  <... futex resumed>)              = 1
7235  <... futex resumed>)              = 0
7241  futex(0xc00004d148, FUTEX_WAIT_PRIVATE, 0, NULL <unfinished ...>
7235  futex(0xc00004c948, FUTEX_WAKE_PRIVATE, 1 <unfinished ...>
7237  <... futex resumed>)              = 0
7236  <... nanosleep resumed>NULL)      = 0
7235  <... futex resumed>)              = 1
7237  nanosleep({tv_sec=0, tv_nsec=3000},  <unfinished ...>
7236  nanosleep({tv_sec=0, tv_nsec=20000},  <unfinished ...>
7235  rt_sigprocmask(SIG_SETMASK, [KILL STOP TTIN TTOU XCPU XFSZ VTALRM WINCH IO PWR RT_3 RT_4 RT_5 RT_6 RT_7 RT_8 RT_9 RT_10 RT_11 RT_12 RT_13 RT_14 RT_15 RT_16 RT_17 RT_18 RT_19 RT_20 RT_21 RT_22 RT_23 RT_24 RT_25 RT_26 RT_27 RT_28 RT_29 RT_30 RT_31 RT_32], NULL, 8) = 0
7237  <... nanosleep resumed>NULL)      = 0
7236  <... nanosleep resumed>NULL)      = 0
7235  futex(0xc00004d148, FUTEX_WAKE_PRIVATE, 1 <unfinished ...>
7241  <... futex resumed>)              = 0
7237  futex(0xc000080148, FUTEX_WAKE_PRIVATE, 1 <unfinished ...>
7236  nanosleep({tv_sec=0, tv_nsec=20000},  <unfinished ...>
7235  <... futex resumed>)              = 1
7241  futex(0xc00004d148, FUTEX_WAIT_PRIVATE, 0, NULL <unfinished ...>
7239  <... futex resumed>)              = 0
7237  <... futex resumed>)              = 1
7235  futex(0x5568b10099c8, FUTEX_WAIT_PRIVATE, 0, NULL <unfinished ...>
7239  futex(0xc000080148, FUTEX_WAIT_PRIVATE, 0, NULL <unfinished ...>
7237  futex(0xc000080148, FUTEX_WAKE_PRIVATE, 1 <unfinished ...>
7239  <... futex resumed>)              = -1 EAGAIN (Resource temporarily unavailable)
7236  <... nanosleep resumed>NULL)      = 0
7237  <... futex resumed>)              = 0
7239  nanosleep({tv_sec=0, tv_nsec=3000},  <unfinished ...>
7236  nanosleep({tv_sec=0, tv_nsec=20000},  <unfinished ...>
7237  rt_sigaction(SIGTSTP, NULL, {sa_handler=SIG_DFL, sa_mask=[], sa_flags=0}, 8) = 0
7239  <... nanosleep resumed>NULL)      = 0
7237  rt_sigaction(SIGTSTP, {sa_handler=0x5568b080e740, sa_mask=~[RTMIN RT_1], sa_flags=SA_RESTORER|SA_ONSTACK|SA_RESTART|SA_SIGINFO, sa_restorer=0x7f530a042520},  <unfinished ...>
7236  <... nanosleep resumed>NULL)      = 0
7239  futex(0xc00004d148, FUTEX_WAKE_PRIVATE, 1 <unfinished ...>
7237  <... rt_sigaction resumed>NULL, 8) = 0
7236  nanosleep({tv_sec=0, tv_nsec=20000},  <unfinished ...>
7241  <... futex resumed>)              = 0
7239  <... futex resumed>)              = 1
7241  futex(0xc00004d148, FUTEX_WAIT_PRIVATE, 0, NULL <unfinished ...>
7237  futex(0xc00004c948, FUTEX_WAIT_PRIVATE, 0, NULL <unfinished ...>
7239  futex(0x5568b10099c8, FUTEX_WAKE_PRIVATE, 1) = 1
7236  <... nanosleep resumed>NULL)      = 0
7235  <... futex resumed>)              = 0
7239  futex(0xc000080148, FUTEX_WAIT_PRIVATE, 0, NULL <unfinished ...>
7236  nanosleep({tv_sec=0, tv_nsec=20000},  <unfinished ...>
7235  futex(0xc000080148, FUTEX_WAKE_PRIVATE, 1 <unfinished ...>
7239  <... futex resumed>)              = -1 EAGAIN (Resource temporarily unavailable)
7235  <... futex resumed>)              = 0
7239  nanosleep({tv_sec=0, tv_nsec=3000},  <unfinished ...>
7235  rt_sigprocmask(SIG_SETMASK, [KILL STOP TTOU XCPU XFSZ VTALRM WINCH IO PWR RT_3 RT_4 RT_5 RT_6 RT_7 RT_8 RT_9 RT_10 RT_11 RT_12 RT_13 RT_14 RT_15 RT_16 RT_17 RT_18 RT_19 RT_20 RT_21 RT_22 RT_23 RT_24 RT_25 RT_26 RT_27 RT_28 RT_29 RT_30 RT_31 RT_32],  <unfinished ...>
7236  <... nanosleep resumed>NULL)      = 0
7235  <... rt_sigprocmask resumed>NULL, 8) = 0
7236  nanosleep({tv_sec=0, tv_nsec=20000},  <unfinished ...>
7235  futex(0xc00004d148, FUTEX_WAKE_PRIVATE, 1 <unfinished ...>
7241  <... futex resumed>)              = 0
7239  <... nanosleep resumed>NULL)      = 0
7235  <... futex resumed>)              = 1
7241  futex(0xc00004d148, FUTEX_WAIT_PRIVATE, 0, NULL <unfinished ...>
7239  futex(0xc00004c948, FUTEX_WAKE_PRIVATE, 1 <unfinished ...>
7236  <... nanosleep resumed>NULL)      = 0
7235  futex(0x5568b10099c8, FUTEX_WAIT_PRIVATE, 0, NULL <unfinished ...>
7239  <... futex resumed>)              = 1
7237  <... futex resumed>)              = 0
7236  nanosleep({tv_sec=0, tv_nsec=20000},  <unfinished ...>
7239  rt_sigaction(SIGTTIN, NULL,  <unfinished ...>
7237  nanosleep({tv_sec=0, tv_nsec=3000},  <unfinished ...>
7239  <... rt_sigaction resumed>{sa_handler=SIG_DFL, sa_mask=[], sa_flags=0}, 8) = 0
7239  rt_sigaction(SIGTTIN, {sa_handler=0x5568b080e740, sa_mask=~[RTMIN RT_1], sa_flags=SA_RESTORER|SA_ONSTACK|SA_RESTART|SA_SIGINFO, sa_restorer=0x7f530a042520},  <unfinished ...>
7237  <... nanosleep resumed>NULL)      = 0
7236  <... nanosleep resumed>NULL)      = 0
7239  <... rt_sigaction resumed>NULL, 8) = 0
7237  futex(0xc00004d148, FUTEX_WAKE_PRIVATE, 1 <unfinished ...>
7236  nanosleep({tv_sec=0, tv_nsec=20000},  <unfinished ...>
7241  <... futex resumed>)              = 0
7239  futex(0xc000080148, FUTEX_WAIT_PRIVATE, 0, NULL <unfinished ...>
7237  <... futex resumed>)              = 1
7241  futex(0xc00004d148, FUTEX_WAIT_PRIVATE, 0, NULL <unfinished ...>
7237  futex(0x5568b10099c8, FUTEX_WAKE_PRIVATE, 1) = 1
7236  <... nanosleep resumed>NULL)      = 0
7235  <... futex resumed>)              = 0
7237  futex(0xc00004c948, FUTEX_WAIT_PRIVATE, 0, NULL <unfinished ...>
7236  nanosleep({tv_sec=0, tv_nsec=40000},  <unfinished ...>
7235  futex(0xc00004c948, FUTEX_WAKE_PRIVATE, 1 <unfinished ...>
7237  <... futex resumed>)              = -1 EAGAIN (Resource temporarily unavailable)
7235  <... futex resumed>)              = 0
7237  nanosleep({tv_sec=0, tv_nsec=3000},  <unfinished ...>
7235  rt_sigprocmask(SIG_SETMASK, [KILL STOP XCPU XFSZ VTALRM WINCH IO PWR RT_3 RT_4 RT_5 RT_6 RT_7 RT_8 RT_9 RT_10 RT_11 RT_12 RT_13 RT_14 RT_15 RT_16 RT_17 RT_18 RT_19 RT_20 RT_21 RT_22 RT_23 RT_24 RT_25 RT_26 RT_27 RT_28 RT_29 RT_30 RT_31 RT_32],  <unfinished ...>
7237  <... nanosleep resumed>NULL)      = 0
7236  <... nanosleep resumed>NULL)      = 0
7235  <... rt_sigprocmask resumed>NULL, 8) = 0
7237  futex(0xc00004d148, FUTEX_WAKE_PRIVATE, 1 <unfinished ...>
7236  nanosleep({tv_sec=0, tv_nsec=80000},  <unfinished ...>
7235  futex(0x5568b10099c8, FUTEX_WAIT_PRIVATE, 0, NULL <unfinished ...>
7241  <... futex resumed>)              = 0
7237  <... futex resumed>)              = 1
7241  futex(0xc00004d148, FUTEX_WAIT_PRIVATE, 0, NULL <unfinished ...>
7237  futex(0xc00004d148, FUTEX_WAKE_PRIVATE, 1 <unfinished ...>
7241  <... futex resumed>)              = -1 EAGAIN (Resource temporarily unavailable)
7237  <... futex resumed>)              = 0
7236  <... nanosleep resumed>NULL)      = 0
7241  nanosleep({tv_sec=0, tv_nsec=3000},  <unfinished ...>
7237  rt_sigaction(SIGTTOU, NULL,  <unfinished ...>
7236  nanosleep({tv_sec=0, tv_nsec=160000},  <unfinished ...>
7237  <... rt_sigaction resumed>{sa_handler=SIG_DFL, sa_mask=[], sa_flags=0}, 8) = 0
7241  <... nanosleep resumed>NULL)      = 0
7237  rt_sigaction(SIGTTOU, {sa_handler=0x5568b080e740, sa_mask=~[RTMIN RT_1], sa_flags=SA_RESTORER|SA_ONSTACK|SA_RESTART|SA_SIGINFO, sa_restorer=0x7f530a042520},  <unfinished ...>
7241  futex(0xc000080148, FUTEX_WAKE_PRIVATE, 1 <unfinished ...>
7237  <... rt_sigaction resumed>NULL, 8) = 0
7241  <... futex resumed>)              = 1
7239  <... futex resumed>)              = 0
7241  futex(0x5568b10099c8, FUTEX_WAKE_PRIVATE, 1 <unfinished ...>
7237  futex(0xc00004c948, FUTEX_WAIT_PRIVATE, 0, NULL <unfinished ...>
7239  futex(0xc000080148, FUTEX_WAIT_PRIVATE, 0, NULL <unfinished ...>
7241  <... futex resumed>)              = 1
7236  <... nanosleep resumed>NULL)      = 0
7235  <... futex resumed>)              = 0
7241  futex(0xc00004d148, FUTEX_WAIT_PRIVATE, 0, NULL <unfinished ...>
7236  nanosleep({tv_sec=0, tv_nsec=320000},  <unfinished ...>
7241  <... futex resumed>)              = -1 EAGAIN (Resource temporarily unavailable)
7235  futex(0xc00004d148, FUTEX_WAKE_PRIVATE, 1 <unfinished ...>
7241  nanosleep({tv_sec=0, tv_nsec=3000},  <unfinished ...>
7235  <... futex resumed>)              = 0
7235  rt_sigprocmask(SIG_SETMASK, [KILL STOP XCPU XFSZ VTALRM WINCH IO PWR RT_3 RT_4 RT_5 RT_6 RT_7 RT_8 RT_9 RT_10 RT_11 RT_12 RT_13 RT_14 RT_15 RT_16 RT_17 RT_18 RT_19 RT_20 RT_21 RT_22 RT_23 RT_24 RT_25 RT_26 RT_27 RT_28 RT_29 RT_30 RT_31 RT_32],  <unfinished ...>
7241  <... nanosleep resumed>NULL)      = 0
7235  <... rt_sigprocmask resumed>NULL, 8) = 0
7241  futex(0xc00004c948, FUTEX_WAKE_PRIVATE, 1 <unfinished ...>
7235  futex(0xc000080148, FUTEX_WAKE_PRIVATE, 1 <unfinished ...>
7241  <... futex resumed>)              = 1
7239  <... futex resumed>)              = 0
7237  <... futex resumed>)              = 0
7235  <... futex resumed>)              = 1
7241  futex(0x5568b10099c8, FUTEX_WAKE_PRIVATE, 1 <unfinished ...>
7239  futex(0xc000080148, FUTEX_WAIT_PRIVATE, 0, NULL <unfinished ...>
7236  <... nanosleep resumed>NULL)      = 0
7237  futex(0xc00004c948, FUTEX_WAIT_PRIVATE, 0, NULL <unfinished ...>
7235  futex(0xc00004c948, FUTEX_WAKE_PRIVATE, 1 <unfinished ...>
7241  <... futex resumed>)              = 0
7236  nanosleep({tv_sec=0, tv_nsec=640000},  <unfinished ...>
7237  <... futex resumed>)              = -1 EAGAIN (Resource temporarily unavailable)
7241  futex(0xc00004d148, FUTEX_WAIT_PRIVATE, 0, NULL <unfinished ...>
7235  <... futex resumed>)              = 0
7237  nanosleep({tv_sec=0, tv_nsec=3000},  <unfinished ...>
7235  rt_sigprocmask(SIG_SETMASK, [KILL STOP XFSZ VTALRM WINCH IO PWR RT_3 RT_4 RT_5 RT_6 RT_7 RT_8 RT_9 RT_10 RT_11 RT_12 RT_13 RT_14 RT_15 RT_16 RT_17 RT_18 RT_19 RT_20 RT_21 RT_22 RT_23 RT_24 RT_25 RT_26 RT_27 RT_28 RT_29 RT_30 RT_31 RT_32], NULL, 8) = 0
7237  <... nanosleep resumed>NULL)      = 0
7235  futex(0xc00004d148, FUTEX_WAKE_PRIVATE, 1 <unfinished ...>
7241  <... futex resumed>)              = 0
7237  futex(0xc000080148, FUTEX_WAKE_PRIVATE, 1 <unfinished ...>
7235  <... futex resumed>)              = 1
7241  futex(0xc00004d148, FUTEX_WAIT_PRIVATE, 0, NULL <unfinished ...>
7239  <... futex resumed>)              = 0
7237  <... futex resumed>)              = 1
7235  futex(0x5568b10099c8, FUTEX_WAIT_PRIVATE, 0, NULL <unfinished ...>
7239  futex(0xc000080148, FUTEX_WAIT_PRIVATE, 0, NULL <unfinished ...>
7237  futex(0xc000080148, FUTEX_WAKE_PRIVATE, 1 <unfinished ...>
7239  <... futex resumed>)              = -1 EAGAIN (Resource temporarily unavailable)
7237  <... futex resumed>)              = 0
7239  nanosleep({tv_sec=0, tv_nsec=3000},  <unfinished ...>
7237  futex(0x5568b10099c8, FUTEX_WAKE_PRIVATE, 1) = 1
7235  <... futex resumed>)              = 0
7239  <... nanosleep resumed>NULL)      = 0
7237  futex(0xc00004c948, FUTEX_WAIT_PRIVATE, 0, NULL <unfinished ...>
7235  rt_sigprocmask(SIG_SETMASK, [KILL STOP VTALRM WINCH IO PWR RT_3 RT_4 RT_5 RT_6 RT_7 RT_8 RT_9 RT_10 RT_11 RT_12 RT_13 RT_14 RT_15 RT_16 RT_17 RT_18 RT_19 RT_20 RT_21 RT_22 RT_23 RT_24 RT_25 RT_26 RT_27 RT_28 RT_29 RT_30 RT_31 RT_32],  <unfinished ...>
7239  nanosleep({tv_sec=0, tv_nsec=3000},  <unfinished ...>
7236  <... nanosleep resumed>NULL)      = 0
7235  <... rt_sigprocmask resumed>NULL, 8) = 0
7236  epoll_pwait(5,  <unfinished ...>
7239  <... nanosleep resumed>NULL)      = 0
7236  <... epoll_pwait resumed>[], 128, 0, NULL, 0) = 0
7235  futex(0xc00004c948, FUTEX_WAKE_PRIVATE, 1 <unfinished ...>
7239  futex(0xc00004d148, FUTEX_WAKE_PRIVATE, 1 <unfinished ...>
7237  <... futex resumed>)              = 0
7236  nanosleep({tv_sec=0, tv_nsec=1280000},  <unfinished ...>
7235  <... futex resumed>)              = 1
7241  <... futex resumed>)              = 0
7239  <... futex resumed>)              = 1
7237  futex(0xc00004c948, FUTEX_WAIT_PRIVATE, 0, NULL <unfinished ...>
7241  futex(0xc00004d148, FUTEX_WAIT_PRIVATE, 0, NULL <unfinished ...>
7235  futex(0x5568b10099c8, FUTEX_WAIT_PRIVATE, 0, NULL <unfinished ...>
7239  futex(0xc00004d148, FUTEX_WAKE_PRIVATE, 1 <unfinished ...>
7241  <... futex resumed>)              = -1 EAGAIN (Resource temporarily unavailable)
7239  <... futex resumed>)              = 0
7241  nanosleep({tv_sec=0, tv_nsec=3000},  <unfinished ...>
7239  futex(0x5568b10099c8, FUTEX_WAKE_PRIVATE, 1) = 1
7235  <... futex resumed>)              = 0
7241  <... nanosleep resumed>NULL)      = 0
7239  futex(0xc000080148, FUTEX_WAIT_PRIVATE, 0, NULL <unfinished ...>
7235  rt_sigprocmask(SIG_SETMASK, [KILL STOP WINCH IO PWR RT_3 RT_4 RT_5 RT_6 RT_7 RT_8 RT_9 RT_10 RT_11 RT_12 RT_13 RT_14 RT_15 RT_16 RT_17 RT_18 RT_19 RT_20 RT_21 RT_22 RT_23 RT_24 RT_25 RT_26 RT_27 RT_28 RT_29 RT_30 RT_31 RT_32],  <unfinished ...>
7241  nanosleep({tv_sec=0, tv_nsec=3000},  <unfinished ...>
7235  <... rt_sigprocmask resumed>NULL, 8) = 0
7235  futex(0xc000080148, FUTEX_WAKE_PRIVATE, 1 <unfinished ...>
7239  <... futex resumed>)              = 0
7235  <... futex resumed>)              = 1
7241  <... nanosleep resumed>NULL)      = 0
7239  futex(0x5568b10099c8, FUTEX_WAKE_PRIVATE, 1 <unfinished ...>
7235  rt_sigprocmask(SIG_SETMASK, [KILL STOP IO PWR RT_3 RT_4 RT_5 RT_6 RT_7 RT_8 RT_9 RT_10 RT_11 RT_12 RT_13 RT_14 RT_15 RT_16 RT_17 RT_18 RT_19 RT_20 RT_21 RT_22 RT_23 RT_24 RT_25 RT_26 RT_27 RT_28 RT_29 RT_30 RT_31 RT_32],  <unfinished ...>
7241  futex(0xc00004c948, FUTEX_WAKE_PRIVATE, 1 <unfinished ...>
7239  <... futex resumed>)              = 0
7235  <... rt_sigprocmask resumed>NULL, 8) = 0
7239  futex(0xc000080148, FUTEX_WAIT_PRIVATE, 0, NULL <unfinished ...>
7241  <... futex resumed>)              = 1
7237  <... futex resumed>)              = 0
7235  futex(0x5568b10099c8, FUTEX_WAIT_PRIVATE, 0, NULL <unfinished ...>
7241  futex(0x5568b10099c8, FUTEX_WAKE_PRIVATE, 1 <unfinished ...>
7237  futex(0xc00004c948, FUTEX_WAIT_PRIVATE, 0, NULL <unfinished ...>
7235  <... futex resumed>)              = -1 EAGAIN (Resource temporarily unavailable)
7241  <... futex resumed>)              = 0
7241  futex(0xc00004d148, FUTEX_WAIT_PRIVATE, 0, NULL <unfinished ...>
7235  futex(0xc00004c948, FUTEX_WAKE_PRIVATE, 1 <unfinished ...>
7237  <... futex resumed>)              = 0
7235  <... futex resumed>)              = 1
7237  nanosleep({tv_sec=0, tv_nsec=3000},  <unfinished ...>
7235  rt_sigprocmask(SIG_SETMASK, [KILL STOP PWR RT_3 RT_4 RT_5 RT_6 RT_7 RT_8 RT_9 RT_10 RT_11 RT_12 RT_13 RT_14 RT_15 RT_16 RT_17 RT_18 RT_19 RT_20 RT_21 RT_22 RT_23 RT_24 RT_25 RT_26 RT_27 RT_28 RT_29 RT_30 RT_31 RT_32], NULL, 8) = 0
7237  <... nanosleep resumed>NULL)      = 0
7235  futex(0xc00004d148, FUTEX_WAKE_PRIVATE, 1 <unfinished ...>
7241  <... futex resumed>)              = 0
7237  futex(0xc000080148, FUTEX_WAKE_PRIVATE, 1 <unfinished ...>
7235  <... futex resumed>)              = 1
7236  <... nanosleep resumed>NULL)      = 0
7239  <... futex resumed>)              = 0
7237  <... futex resumed>)              = 1
7241  futex(0xc00004d148, FUTEX_WAIT_PRIVATE, 0, NULL <unfinished ...>
7236  nanosleep({tv_sec=0, tv_nsec=2560000},  <unfinished ...>
7235  futex(0x5568b10099c8, FUTEX_WAIT_PRIVATE, 0, NULL <unfinished ...>
7239  futex(0xc000080148, FUTEX_WAIT_PRIVATE, 0, NULL <unfinished ...>
7237  futex(0xc000080148, FUTEX_WAKE_PRIVATE, 1 <unfinished ...>
7239  <... futex resumed>)              = -1 EAGAIN (Resource temporarily unavailable)
7237  <... futex resumed>)              = 0
7239  nanosleep({tv_sec=0, tv_nsec=3000},  <unfinished ...>
7237  futex(0x5568b10099c8, FUTEX_WAKE_PRIVATE, 1 <unfinished ...>
7239  <... nanosleep resumed>NULL)      = 0
7237  <... futex resumed>)              = 1
7235  <... futex resumed>)              = 0
7239  futex(0xc000080148, FUTEX_WAIT_PRIVATE, 0, NULL <unfinished ...>
7237  futex(0xc00004c948, FUTEX_WAIT_PRIVATE, 0, NULL <unfinished ...>
7235  futex(0xc00004c948, FUTEX_WAKE_PRIVATE, 1 <unfinished ...>
7237  <... futex resumed>)              = -1 EAGAIN (Resource temporarily unavailable)
7235  <... futex resumed>)              = 0
7237  nanosleep({tv_sec=0, tv_nsec=3000},  <unfinished ...>
7235  rt_sigprocmask(SIG_SETMASK, [KILL STOP RT_3 RT_4 RT_5 RT_6 RT_7 RT_8 RT_9 RT_10 RT_11 RT_12 RT_13 RT_14 RT_15 RT_16 RT_17 RT_18 RT_19 RT_20 RT_21 RT_22 RT_23 RT_24 RT_25 RT_26 RT_27 RT_28 RT_29 RT_30 RT_31 RT_32], NULL, 8) = 0
7237  <... nanosleep resumed>NULL)      = 0
7235  futex(0xc000080148, FUTEX_WAKE_PRIVATE, 1 <unfinished ...>
7239  <... futex resumed>)              = 0
7237  futex(0xc00004d148, FUTEX_WAKE_PRIVATE, 1 <unfinished ...>
7235  <... futex resumed>)              = 1
7239  futex(0xc000080148, FUTEX_WAIT_PRIVATE, 0, NULL <unfinished ...>
7237  <... futex resumed>)              = 1
7241  <... futex resumed>)              = 0
7235  futex(0x5568b10099c8, FUTEX_WAIT_PRIVATE, 0, NULL <unfinished ...>
7237  futex(0x5568b10099c8, FUTEX_WAKE_PRIVATE, 1 <unfinished ...>
7241  futex(0xc00004d148, FUTEX_WAIT_PRIVATE, 0, NULL <unfinished ...>
7235  <... futex resumed>)              = -1 EAGAIN (Resource temporarily unavailable)
7237  <... futex resumed>)              = 0
7237  futex(0xc00004c948, FUTEX_WAIT_PRIVATE, 0, NULL <unfinished ...>
7235  futex(0xc00004d148, FUTEX_WAKE_PRIVATE, 1 <unfinished ...>
7241  <... futex resumed>)              = 0
7235  <... futex resumed>)              = 1
7241  nanosleep({tv_sec=0, tv_nsec=3000},  <unfinished ...>
7235  rt_sigprocmask(SIG_SETMASK, [KILL STOP RT_4 RT_5 RT_6 RT_7 RT_8 RT_9 RT_10 RT_11 RT_12 RT_13 RT_14 RT_15 RT_16 RT_17 RT_18 RT_19 RT_20 RT_21 RT_22 RT_23 RT_24 RT_25 RT_26 RT_27 RT_28 RT_29 RT_30 RT_31 RT_32], NULL, 8) = 0
7241  <... nanosleep resumed>NULL)      = 0
7235  futex(0xc00004c948, FUTEX_WAKE_PRIVATE, 1 <unfinished ...>
7241  futex(0xc000080148, FUTEX_WAKE_PRIVATE, 1 <unfinished ...>
7237  <... futex resumed>)              = 0
7235  <... futex resumed>)              = 1
7241  <... futex resumed>)              = 1
7237  futex(0xc00004c948, FUTEX_WAIT_PRIVATE, 0, NULL <unfinished ...>
7239  <... futex resumed>)              = 0
7235  futex(0x5568b10099c8, FUTEX_WAIT_PRIVATE, 0, NULL <unfinished ...>
7241  futex(0x5568b10099c8, FUTEX_WAKE_PRIVATE, 1 <unfinished ...>
7239  futex(0xc000080148, FUTEX_WAIT_PRIVATE, 0, NULL <unfinished ...>
7235  <... futex resumed>)              = -1 EAGAIN (Resource temporarily unavailable)
7241  <... futex resumed>)              = 0
7235  futex(0xc000080148, FUTEX_WAKE_PRIVATE, 1 <unfinished ...>
7241  futex(0xc00004d148, FUTEX_WAIT_PRIVATE, 0, NULL <unfinished ...>
7239  <... futex resumed>)              = 0
7235  <... futex resumed>)              = 1
7239  nanosleep({tv_sec=0, tv_nsec=3000},  <unfinished ...>
7235  rt_sigprocmask(SIG_SETMASK, [KILL STOP RT_5 RT_6 RT_7 RT_8 RT_9 RT_10 RT_11 RT_12 RT_13 RT_14 RT_15 RT_16 RT_17 RT_18 RT_19 RT_20 RT_21 RT_22 RT_23 RT_24 RT_25 RT_26 RT_27 RT_28 RT_29 RT_30 RT_31 RT_32], NULL, 8) = 0
7239  <... nanosleep resumed>NULL)      = 0
7235  futex(0xc00004d148, FUTEX_WAKE_PRIVATE, 1 <unfinished ...>
7241  <... futex resumed>)              = 0
7239  futex(0xc00004c948, FUTEX_WAKE_PRIVATE, 1 <unfinished ...>
7235  <... futex resumed>)              = 1
7239  <... futex resumed>)              = 1
7241  futex(0xc00004d148, FUTEX_WAIT_PRIVATE, 0, NULL <unfinished ...>
7237  <... futex resumed>)              = 0
7235  futex(0x5568b10099c8, FUTEX_WAIT_PRIVATE, 0, NULL <unfinished ...>
7239  futex(0x5568b10099c8, FUTEX_WAKE_PRIVATE, 1 <unfinished ...>
7237  futex(0xc00004c948, FUTEX_WAIT_PRIVATE, 0, NULL <unfinished ...>
7239  <... futex resumed>)              = 0
7235  <... futex resumed>)              = -1 EAGAIN (Resource temporarily unavailable)
7239  futex(0xc000080148, FUTEX_WAIT_PRIVATE, 0, NULL <unfinished ...>
7235  futex(0xc000080148, FUTEX_WAKE_PRIVATE, 1 <unfinished ...>
7239  <... futex resumed>)              = -1 EAGAIN (Resource temporarily unavailable)
7235  <... futex resumed>)              = 0
7239  nanosleep({tv_sec=0, tv_nsec=3000},  <unfinished ...>
7235  rt_sigprocmask(SIG_SETMASK, [KILL STOP RT_6 RT_7 RT_8 RT_9 RT_10 RT_11 RT_12 RT_13 RT_14 RT_15 RT_16 RT_17 RT_18 RT_19 RT_20 RT_21 RT_22 RT_23 RT_24 RT_25 RT_26 RT_27 RT_28 RT_29 RT_30 RT_31 RT_32], NULL, 8) = 0
7239  <... nanosleep resumed>NULL)      = 0
7235  futex(0xc00004c948, FUTEX_WAKE_PRIVATE, 1 <unfinished ...>
7239  futex(0xc00004d148, FUTEX_WAKE_PRIVATE, 1 <unfinished ...>
7237  <... futex resumed>)              = 0
7235  <... futex resumed>)              = 1
7237  futex(0xc00004c948, FUTEX_WAIT_PRIVATE, 0, NULL <unfinished ...>
7239  <... futex resumed>)              = 1
7241  <... futex resumed>)              = 0
7235  futex(0x5568b10099c8, FUTEX_WAIT_PRIVATE, 0, NULL <unfinished ...>
7239  futex(0x5568b10099c8, FUTEX_WAKE_PRIVATE, 1 <unfinished ...>
7241  futex(0xc00004d148, FUTEX_WAIT_PRIVATE, 0, NULL <unfinished ...>
7236  <... nanosleep resumed>NULL)      = 0
7235  <... futex resumed>)              = -1 EAGAIN (Resource temporarily unavailable)
7239  <... futex resumed>)              = 0
7236  nanosleep({tv_sec=0, tv_nsec=5120000},  <unfinished ...>
7239  futex(0xc000080148, FUTEX_WAIT_PRIVATE, 0, NULL <unfinished ...>
7235  futex(0xc00004d148, FUTEX_WAKE_PRIVATE, 1 <unfinished ...>
7241  <... futex resumed>)              = 0
7235  <... futex resumed>)              = 1
7241  nanosleep({tv_sec=0, tv_nsec=3000},  <unfinished ...>
7235  rt_sigprocmask(SIG_SETMASK, [KILL STOP RT_7 RT_8 RT_9 RT_10 RT_11 RT_12 RT_13 RT_14 RT_15 RT_16 RT_17 RT_18 RT_19 RT_20 RT_21 RT_22 RT_23 RT_24 RT_25 RT_26 RT_27 RT_28 RT_29 RT_30 RT_31 RT_32], NULL, 8) = 0
7241  <... nanosleep resumed>NULL)      = 0
7235  futex(0xc000080148, FUTEX_WAKE_PRIVATE, 1 <unfinished ...>
7241  futex(0xc00004c948, FUTEX_WAKE_PRIVATE, 1 <unfinished ...>
7239  <... futex resumed>)              = 0
7235  <... futex resumed>)              = 1
7241  <... futex resumed>)              = 1
7237  <... futex resumed>)              = 0
7239  futex(0xc000080148, FUTEX_WAIT_PRIVATE, 0, NULL <unfinished ...>
7235  futex(0x5568b10099c8, FUTEX_WAIT_PRIVATE, 0, NULL <unfinished ...>
7237  futex(0xc00004c948, FUTEX_WAIT_PRIVATE, 0, NULL <unfinished ...>
7241  futex(0xc00004c948, FUTEX_WAKE_PRIVATE, 1 <unfinished ...>
7237  <... futex resumed>)              = -1 EAGAIN (Resource temporarily unavailable)
7241  <... futex resumed>)              = 0
7237  nanosleep({tv_sec=0, tv_nsec=3000},  <unfinished ...>
7241  futex(0x5568b10099c8, FUTEX_WAKE_PRIVATE, 1) = 1
7235  <... futex resumed>)              = 0
7241  futex(0xc00004d148, FUTEX_WAIT_PRIVATE, 0, NULL <unfinished ...>
7237  <... nanosleep resumed>NULL)      = 0
7235  rt_sigprocmask(SIG_SETMASK, [KILL STOP RT_8 RT_9 RT_10 RT_11 RT_12 RT_13 RT_14 RT_15 RT_16 RT_17 RT_18 RT_19 RT_20 RT_21 RT_22 RT_23 RT_24 RT_25 RT_26 RT_27 RT_28 RT_29 RT_30 RT_31 RT_32],  <unfinished ...>
7237  nanosleep({tv_sec=0, tv_nsec=3000},  <unfinished ...>
7235  <... rt_sigprocmask resumed>NULL, 8) = 0
7235  futex(0xc00004d148, FUTEX_WAKE_PRIVATE, 1) = 1
7241  <... futex resumed>)              = 0
7237  <... nanosleep resumed>NULL)      = 0
7235  futex(0x5568b10099c8, FUTEX_WAIT_PRIVATE, 0, NULL <unfinished ...>
7241  futex(0x5568b10099c8, FUTEX_WAKE_PRIVATE, 1 <unfinished ...>
7237  futex(0xc00004c948, FUTEX_WAIT_PRIVATE, 0, NULL <unfinished ...>
7241  <... futex resumed>)              = 0
7235  <... futex resumed>)              = -1 EAGAIN (Resource temporarily unavailable)
7241  futex(0xc00004d148, FUTEX_WAIT_PRIVATE, 0, NULL <unfinished ...>
7235  futex(0xc00004d148, FUTEX_WAKE_PRIVATE, 1 <unfinished ...>
7241  <... futex resumed>)              = -1 EAGAIN (Resource temporarily unavailable)
7235  <... futex resumed>)              = 0
7241  nanosleep({tv_sec=0, tv_nsec=3000},  <unfinished ...>
7235  rt_sigprocmask(SIG_SETMASK, [KILL STOP RT_9 RT_10 RT_11 RT_12 RT_13 RT_14 RT_15 RT_16 RT_17 RT_18 RT_19 RT_20 RT_21 RT_22 RT_23 RT_24 RT_25 RT_26 RT_27 RT_28 RT_29 RT_30 RT_31 RT_32], NULL, 8) = 0
7241  <... nanosleep resumed>NULL)      = 0
7235  futex(0xc00004c948, FUTEX_WAKE_PRIVATE, 1 <unfinished ...>
7241  futex(0xc000080148, FUTEX_WAKE_PRIVATE, 1 <unfinished ...>
7237  <... futex resumed>)              = 0
7235  <... futex resumed>)              = 1
7241  <... futex resumed>)              = 1
7237  futex(0xc00004c948, FUTEX_WAIT_PRIVATE, 0, NULL <unfinished ...>
7239  <... futex resumed>)              = 0
7235  futex(0x5568b10099c8, FUTEX_WAIT_PRIVATE, 0, NULL <unfinished ...>
7239  futex(0xc000080148, FUTEX_WAIT_PRIVATE, 0, NULL <unfinished ...>
7241  futex(0xc000080148, FUTEX_WAKE_PRIVATE, 1 <unfinished ...>
7239  <... futex resumed>)              = -1 EAGAIN (Resource temporarily unavailable)
7241  <... futex resumed>)              = 0
7239  nanosleep({tv_sec=0, tv_nsec=3000},  <unfinished ...>
7241  futex(0x5568b10099c8, FUTEX_WAKE_PRIVATE, 1) = 1
7235  <... futex resumed>)              = 0
7239  <... nanosleep resumed>NULL)      = 0
7241  futex(0xc00004d148, FUTEX_WAIT_PRIVATE, 0, NULL <unfinished ...>
7235  rt_sigprocmask(SIG_SETMASK, [KILL STOP RT_10 RT_11 RT_12 RT_13 RT_14 RT_15 RT_16 RT_17 RT_18 RT_19 RT_20 RT_21 RT_22 RT_23 RT_24 RT_25 RT_26 RT_27 RT_28 RT_29 RT_30 RT_31 RT_32],  <unfinished ...>
7239  nanosleep({tv_sec=0, tv_nsec=3000},  <unfinished ...>
7235  <... rt_sigprocmask resumed>NULL, 8) = 0
7235  futex(0xc00004d148, FUTEX_WAKE_PRIVATE, 1 <unfinished ...>
7241  <... futex resumed>)              = 0
7239  <... nanosleep resumed>NULL)      = 0
7235  <... futex resumed>)              = 1
7241  futex(0x5568b10099c8, FUTEX_WAKE_PRIVATE, 1 <unfinished ...>
7239  futex(0xc000080148, FUTEX_WAIT_PRIVATE, 0, NULL <unfinished ...>
7235  futex(0xc000080148, FUTEX_WAKE_PRIVATE, 1 <unfinished ...>
7241  <... futex resumed>)              = 0
7239  <... futex resumed>)              = -1 EAGAIN (Resource temporarily unavailable)
7235  <... futex resumed>)              = 0
7241  futex(0xc00004d148, FUTEX_WAIT_PRIVATE, 0, NULL <unfinished ...>
7239  nanosleep({tv_sec=0, tv_nsec=3000},  <unfinished ...>
7235  rt_sigprocmask(SIG_SETMASK, [KILL STOP RT_11 RT_12 RT_13 RT_14 RT_15 RT_16 RT_17 RT_18 RT_19 RT_20 RT_21 RT_22 RT_23 RT_24 RT_25 RT_26 RT_27 RT_28 RT_29 RT_30 RT_31 RT_32], NULL, 8) = 0
7239  <... nanosleep resumed>NULL)      = 0
7235  futex(0xc00004d148, FUTEX_WAKE_PRIVATE, 1 <unfinished ...>
7241  <... futex resumed>)              = 0
7239  futex(0xc00004c948, FUTEX_WAKE_PRIVATE, 1 <unfinished ...>
7235  <... futex resumed>)              = 1
7241  futex(0xc00004d148, FUTEX_WAIT_PRIVATE, 0, NULL <unfinished ...>
7239  <... futex resumed>)              = 1
7237  <... futex resumed>)              = 0
7235  futex(0x5568b10099c8, FUTEX_WAIT_PRIVATE, 0, NULL <unfinished ...>
7239  futex(0x5568b10099c8, FUTEX_WAKE_PRIVATE, 1 <unfinished ...>
7237  futex(0xc00004c948, FUTEX_WAIT_PRIVATE, 0, NULL <unfinished ...>
7235  <... futex resumed>)              = -1 EAGAIN (Resource temporarily unavailable)
7239  <... futex resumed>)              = 0
7235  futex(0xc00004c948, FUTEX_WAKE_PRIVATE, 1 <unfinished ...>
7239  futex(0xc000080148, FUTEX_WAIT_PRIVATE, 0, NULL <unfinished ...>
7237  <... futex resumed>)              = 0
7235  <... futex resumed>)              = 1
7237  nanosleep({tv_sec=0, tv_nsec=3000},  <unfinished ...>
7235  rt_sigprocmask(SIG_SETMASK, [KILL STOP RT_12 RT_13 RT_14 RT_15 RT_16 RT_17 RT_18 RT_19 RT_20 RT_21 RT_22 RT_23 RT_24 RT_25 RT_26 RT_27 RT_28 RT_29 RT_30 RT_31 RT_32], NULL, 8) = 0
7237  <... nanosleep resumed>NULL)      = 0
7235  futex(0xc000080148, FUTEX_WAKE_PRIVATE, 1 <unfinished ...>
7239  <... futex resumed>)              = 0
7237  futex(0xc00004d148, FUTEX_WAKE_PRIVATE, 1 <unfinished ...>
7235  <... futex resumed>)              = 1
7239  futex(0xc000080148, FUTEX_WAIT_PRIVATE, 0, NULL <unfinished ...>
7237  <... futex resumed>)              = 1
7235  futex(0x5568b10099c8, FUTEX_WAIT_PRIVATE, 0, NULL <unfinished ...>
7241  <... futex resumed>)              = 0
7237  futex(0x5568b10099c8, FUTEX_WAKE_PRIVATE, 1 <unfinished ...>
7235  <... futex resumed>)              = -1 EAGAIN (Resource temporarily unavailable)
7241  futex(0xc00004d148, FUTEX_WAIT_PRIVATE, 0, NULL <unfinished ...>
7237  <... futex resumed>)              = 0
7235  futex(0xc00004d148, FUTEX_WAKE_PRIVATE, 1 <unfinished ...>
7241  <... futex resumed>)              = -1 EAGAIN (Resource temporarily unavailable)
7237  futex(0xc00004c948, FUTEX_WAIT_PRIVATE, 0, NULL <unfinished ...>
7235  <... futex resumed>)              = 0
7241  nanosleep({tv_sec=0, tv_nsec=3000},  <unfinished ...>
7235  rt_sigprocmask(SIG_SETMASK, [KILL STOP RT_13 RT_14 RT_15 RT_16 RT_17 RT_18 RT_19 RT_20 RT_21 RT_22 RT_23 RT_24 RT_25 RT_26 RT_27 RT_28 RT_29 RT_30 RT_31 RT_32], NULL, 8) = 0
7241  <... nanosleep resumed>NULL)      = 0
7235  futex(0xc00004c948, FUTEX_WAKE_PRIVATE, 1 <unfinished ...>
7241  futex(0xc000080148, FUTEX_WAKE_PRIVATE, 1 <unfinished ...>
7237  <... futex resumed>)              = 0
7235  <... futex resumed>)              = 1
7241  <... futex resumed>)              = 1
7239  <... futex resumed>)              = 0
7237  futex(0xc00004c948, FUTEX_WAIT_PRIVATE, 0, NULL <unfinished ...>
7235  futex(0x5568b10099c8, FUTEX_WAIT_PRIVATE, 0, NULL <unfinished ...>
7241  futex(0xc000080148, FUTEX_WAKE_PRIVATE, 1 <unfinished ...>
7239  futex(0xc000080148, FUTEX_WAIT_PRIVATE, 0, NULL <unfinished ...>
7241  <... futex resumed>)              = 0
7239  <... futex resumed>)              = -1 EAGAIN (Resource temporarily unavailable)
7241  futex(0x5568b10099c8, FUTEX_WAKE_PRIVATE, 1 <unfinished ...>
7239  futex(0xc000080148, FUTEX_WAIT_PRIVATE, 0, NULL <unfinished ...>
7241  <... futex resumed>)              = 1
7235  <... futex resumed>)              = 0
7241  futex(0xc00004d148, FUTEX_WAIT_PRIVATE, 0, NULL <unfinished ...>
7235  futex(0xc000080148, FUTEX_WAKE_PRIVATE, 1 <unfinished ...>
7239  <... futex resumed>)              = 0
7235  <... futex resumed>)              = 1
7239  nanosleep({tv_sec=0, tv_nsec=3000},  <unfinished ...>
7235  rt_sigprocmask(SIG_SETMASK, [KILL STOP RT_14 RT_15 RT_16 RT_17 RT_18 RT_19 RT_20 RT_21 RT_22 RT_23 RT_24 RT_25 RT_26 RT_27 RT_28 RT_29 RT_30 RT_31 RT_32], NULL, 8) = 0
7239  <... nanosleep resumed>NULL)      = 0
7235  futex(0xc00004d148, FUTEX_WAKE_PRIVATE, 1 <unfinished ...>
7241  <... futex resumed>)              = 0
7239  futex(0xc00004c948, FUTEX_WAKE_PRIVATE, 1 <unfinished ...>
7235  <... futex resumed>)              = 1
7241  futex(0xc00004d148, FUTEX_WAIT_PRIVATE, 0, NULL <unfinished ...>
7239  <... futex resumed>)              = 1
7237  <... futex resumed>)              = 0
7235  futex(0x5568b10099c8, FUTEX_WAIT_PRIVATE, 0, NULL <unfinished ...>
7239  futex(0x5568b10099c8, FUTEX_WAKE_PRIVATE, 1 <unfinished ...>
7237  futex(0xc00004c948, FUTEX_WAIT_PRIVATE, 0, NULL <unfinished ...>
7235  <... futex resumed>)              = -1 EAGAIN (Resource temporarily unavailable)
7239  <... futex resumed>)              = 0
7235  futex(0xc00004c948, FUTEX_WAKE_PRIVATE, 1 <unfinished ...>
7239  futex(0xc000080148, FUTEX_WAIT_PRIVATE, 0, NULL <unfinished ...>
7237  <... futex resumed>)              = 0
7235  <... futex resumed>)              = 1
7237  nanosleep({tv_sec=0, tv_nsec=3000},  <unfinished ...>
7235  rt_sigprocmask(SIG_SETMASK, [KILL STOP RT_15 RT_16 RT_17 RT_18 RT_19 RT_20 RT_21 RT_22 RT_23 RT_24 RT_25 RT_26 RT_27 RT_28 RT_29 RT_30 RT_31 RT_32], NULL, 8) = 0
7237  <... nanosleep resumed>NULL)      = 0
7235  futex(0xc000080148, FUTEX_WAKE_PRIVATE, 1 <unfinished ...>
7239  <... futex resumed>)              = 0
7237  futex(0xc00004d148, FUTEX_WAKE_PRIVATE, 1 <unfinished ...>
7235  <... futex resumed>)              = 1
7239  futex(0xc000080148, FUTEX_WAIT_PRIVATE, 0, NULL <unfinished ...>
7237  <... futex resumed>)              = 1
7235  futex(0x5568b10099c8, FUTEX_WAIT_PRIVATE, 0, NULL <unfinished ...>
7241  <... futex resumed>)              = 0
7237  futex(0x5568b10099c8, FUTEX_WAKE_PRIVATE, 1 <unfinished ...>
7236  <... nanosleep resumed>NULL)      = 0
7235  <... futex resumed>)              = -1 EAGAIN (Resource temporarily unavailable)
7241  futex(0xc00004d148, FUTEX_WAIT_PRIVATE, 0, NULL <unfinished ...>
7237  <... futex resumed>)              = 0
7236  nanosleep({tv_sec=0, tv_nsec=10000000},  <unfinished ...>
7235  futex(0xc00004d148, FUTEX_WAKE_PRIVATE, 1 <unfinished ...>
7241  <... futex resumed>)              = -1 EAGAIN (Resource temporarily unavailable)
7237  futex(0xc00004c948, FUTEX_WAIT_PRIVATE, 0, NULL <unfinished ...>
7235  <... futex resumed>)              = 0
7241  nanosleep({tv_sec=0, tv_nsec=3000},  <unfinished ...>
7235  rt_sigprocmask(SIG_SETMASK, [KILL STOP RT_16 RT_17 RT_18 RT_19 RT_20 RT_21 RT_22 RT_23 RT_24 RT_25 RT_26 RT_27 RT_28 RT_29 RT_30 RT_31 RT_32],  <unfinished ...>
7241  <... nanosleep resumed>NULL)      = 0
7235  <... rt_sigprocmask resumed>NULL, 8) = 0
7241  futex(0xc000080148, FUTEX_WAKE_PRIVATE, 1 <unfinished ...>
7235  futex(0xc00004c948, FUTEX_WAKE_PRIVATE, 1 <unfinished ...>
7241  <... futex resumed>)              = 1
7239  <... futex resumed>)              = 0
7237  <... futex resumed>)              = 0
7235  <... futex resumed>)              = 1
7241  futex(0xc00004c948, FUTEX_WAKE_PRIVATE, 1 <unfinished ...>
7239  futex(0xc000080148, FUTEX_WAIT_PRIVATE, 0, NULL <unfinished ...>
7237  futex(0xc00004c948, FUTEX_WAIT_PRIVATE, 0, NULL <unfinished ...>
7241  <... futex resumed>)              = 0
7235  futex(0x5568b10099c8, FUTEX_WAIT_PRIVATE, 0, NULL <unfinished ...>
7237  <... futex resumed>)              = -1 EAGAIN (Resource temporarily unavailable)
7241  futex(0x5568b10099c8, FUTEX_WAKE_PRIVATE, 1 <unfinished ...>
7235  <... futex resumed>)              = -1 EAGAIN (Resource temporarily unavailable)
7237  futex(0xc00004c948, FUTEX_WAIT_PRIVATE, 0, NULL <unfinished ...>
7241  <... futex resumed>)              = 0
7237  <... futex resumed>)              = -1 EAGAIN (Resource temporarily unavailable)
7235  futex(0xc00004c948, FUTEX_WAKE_PRIVATE, 1 <unfinished ...>
7241  futex(0xc00004d148, FUTEX_WAIT_PRIVATE, 0, NULL <unfinished ...>
7237  nanosleep({tv_sec=0, tv_nsec=3000},  <unfinished ...>
7235  <... futex resumed>)              = 0
7237  <... nanosleep resumed>NULL)      = 0
7235  rt_sigprocmask(SIG_SETMASK, [KILL STOP RT_17 RT_18 RT_19 RT_20 RT_21 RT_22 RT_23 RT_24 RT_25 RT_26 RT_27 RT_28 RT_29 RT_30 RT_31 RT_32],  <unfinished ...>
7237  futex(0xc00004d148, FUTEX_WAKE_PRIVATE, 1 <unfinished ...>
7235  <... rt_sigprocmask resumed>NULL, 8) = 0
7237  <... futex resumed>)              = 1
7241  <... futex resumed>)              = 0
7235  futex(0x5568b10099c8, FUTEX_WAIT_PRIVATE, 0, NULL <unfinished ...>
7237  futex(0x5568b10099c8, FUTEX_WAKE_PRIVATE, 1 <unfinished ...>
7241  futex(0xc00004d148, FUTEX_WAIT_PRIVATE, 0, NULL <unfinished ...>
7235  <... futex resumed>)              = -1 EAGAIN (Resource temporarily unavailable)
7237  <... futex resumed>)              = 0
7237  futex(0xc00004c948, FUTEX_WAIT_PRIVATE, 0, NULL <unfinished ...>
7235  futex(0xc00004d148, FUTEX_WAKE_PRIVATE, 1) = 1
7241  <... futex resumed>)              = 0
7241  nanosleep({tv_sec=0, tv_nsec=3000},  <unfinished ...>
7235  rt_sigprocmask(SIG_SETMASK, [KILL STOP RT_18 RT_19 RT_20 RT_21 RT_22 RT_23 RT_24 RT_25 RT_26 RT_27 RT_28 RT_29 RT_30 RT_31 RT_32], NULL, 8) = 0
7241  <... nanosleep resumed>NULL)      = 0
7235  futex(0xc00004c948, FUTEX_WAKE_PRIVATE, 1 <unfinished ...>
7241  futex(0xc000080148, FUTEX_WAKE_PRIVATE, 1 <unfinished ...>
7237  <... futex resumed>)              = 0
7235  <... futex resumed>)              = 1
7241  <... futex resumed>)              = 1
7239  <... futex resumed>)              = 0
7241  futex(0x5568b10099c8, FUTEX_WAKE_PRIVATE, 1 <unfinished ...>
7237  futex(0xc00004c948, FUTEX_WAIT_PRIVATE, 0, NULL <unfinished ...>
7235  futex(0x5568b10099c8, FUTEX_WAIT_PRIVATE, 0, NULL <unfinished ...>
7241  <... futex resumed>)              = 0
7239  futex(0xc000080148, FUTEX_WAIT_PRIVATE, 0, NULL <unfinished ...>
7235  <... futex resumed>)              = -1 EAGAIN (Resource temporarily unavailable)
7241  futex(0xc00004d148, FUTEX_WAIT_PRIVATE, 0, NULL <unfinished ...>
7235  futex(0xc00004d148, FUTEX_WAKE_PRIVATE, 1 <unfinished ...>
7241  <... futex resumed>)              = -1 EAGAIN (Resource temporarily unavailable)
7235  <... futex resumed>)              = 0
7241  nanosleep({tv_sec=0, tv_nsec=3000},  <unfinished ...>
7235  rt_sigprocmask(SIG_SETMASK, [KILL STOP RT_19 RT_20 RT_21 RT_22 RT_23 RT_24 RT_25 RT_26 RT_27 RT_28 RT_29 RT_30 RT_31 RT_32], NULL, 8) = 0
7235  futex(0xc000080148, FUTEX_WAKE_PRIVATE, 1 <unfinished ...>
7241  <... nanosleep resumed>NULL)      = 0
7239  <... futex resumed>)              = 0
7235  <... futex resumed>)              = 1
7241  futex(0xc00004c948, FUTEX_WAKE_PRIVATE, 1 <unfinished ...>
7239  futex(0x5568b10099c8, FUTEX_WAKE_PRIVATE, 1 <unfinished ...>
7235  rt_sigprocmask(SIG_SETMASK, [KILL STOP RT_20 RT_21 RT_22 RT_23 RT_24 RT_25 RT_26 RT_27 RT_28 RT_29 RT_30 RT_31 RT_32],  <unfinished ...>
7241  <... futex resumed>)              = 1
7239  <... futex resumed>)              = 0
7237  <... futex resumed>)              = 0
7241  futex(0xc00004d148, FUTEX_WAIT_PRIVATE, 0, NULL <unfinished ...>
7235  <... rt_sigprocmask resumed>NULL, 8) = 0
7239  futex(0xc000080148, FUTEX_WAIT_PRIVATE, 0, NULL <unfinished ...>
7237  futex(0xc00004c948, FUTEX_WAIT_PRIVATE, 0, NULL <unfinished ...>
7235  futex(0xc00004c948, FUTEX_WAKE_PRIVATE, 1 <unfinished ...>
7237  <... futex resumed>)              = -1 EAGAIN (Resource temporarily unavailable)
7235  <... futex resumed>)              = 0
7237  nanosleep({tv_sec=0, tv_nsec=3000},  <unfinished ...>
7235  futex(0xc000080148, FUTEX_WAKE_PRIVATE, 1 <unfinished ...>
7239  <... futex resumed>)              = 0
7235  <... futex resumed>)              = 1
7239  futex(0x5568b10099c8, FUTEX_WAKE_PRIVATE, 1 <unfinished ...>
7237  <... nanosleep resumed>NULL)      = 0
7235  rt_sigprocmask(SIG_SETMASK, [KILL STOP RT_21 RT_22 RT_23 RT_24 RT_25 RT_26 RT_27 RT_28 RT_29 RT_30 RT_31 RT_32],  <unfinished ...>
7239  <... futex resumed>)              = 0
7237  futex(0xc00004c948, FUTEX_WAIT_PRIVATE, 0, NULL <unfinished ...>
7235  <... rt_sigprocmask resumed>NULL, 8) = 0
7239  futex(0xc000080148, FUTEX_WAIT_PRIVATE, 0, NULL <unfinished ...>
7235  futex(0xc000080148, FUTEX_WAKE_PRIVATE, 1 <unfinished ...>
7239  <... futex resumed>)              = -1 EAGAIN (Resource temporarily unavailable)
7235  <... futex resumed>)              = 0
7239  nanosleep({tv_sec=0, tv_nsec=3000},  <unfinished ...>
7235  futex(0xc00004c948, FUTEX_WAKE_PRIVATE, 1 <unfinished ...>
7237  <... futex resumed>)              = 0
7235  <... futex resumed>)              = 1
7239  <... nanosleep resumed>NULL)      = 0
7237  futex(0x5568b10099c8, FUTEX_WAKE_PRIVATE, 1 <unfinished ...>
7235  rt_sigprocmask(SIG_SETMASK, [KILL STOP RT_22 RT_23 RT_24 RT_25 RT_26 RT_27 RT_28 RT_29 RT_30 RT_31 RT_32],  <unfinished ...>
7239  futex(0xc000080148, FUTEX_WAIT_PRIVATE, 0, NULL <unfinished ...>
7237  <... futex resumed>)              = 0
7235  <... rt_sigprocmask resumed>NULL, 8) = 0
7237  futex(0xc00004c948, FUTEX_WAIT_PRIVATE, 0, NULL <unfinished ...>
7235  futex(0xc00004c948, FUTEX_WAKE_PRIVATE, 1 <unfinished ...>
7237  <... futex resumed>)              = -1 EAGAIN (Resource temporarily unavailable)
7235  <... futex resumed>)              = 0
7237  nanosleep({tv_sec=0, tv_nsec=3000},  <unfinished ...>
7235  futex(0xc000080148, FUTEX_WAKE_PRIVATE, 1 <unfinished ...>
7239  <... futex resumed>)              = 0
7235  <... futex resumed>)              = 1
7239  futex(0x5568b10099c8, FUTEX_WAKE_PRIVATE, 1 <unfinished ...>
7237  <... nanosleep resumed>NULL)      = 0
7235  rt_sigprocmask(SIG_SETMASK, [KILL STOP RT_23 RT_24 RT_25 RT_26 RT_27 RT_28 RT_29 RT_30 RT_31 RT_32],  <unfinished ...>
7239  <... futex resumed>)              = 0
7237  futex(0xc00004c948, FUTEX_WAIT_PRIVATE, 0, NULL <unfinished ...>
7235  <... rt_sigprocmask resumed>NULL, 8) = 0
7239  futex(0xc000080148, FUTEX_WAIT_PRIVATE, 0, NULL <unfinished ...>
7235  futex(0xc000080148, FUTEX_WAKE_PRIVATE, 1 <unfinished ...>
7239  <... futex resumed>)              = -1 EAGAIN (Resource temporarily unavailable)
7235  <... futex resumed>)              = 0
7239  nanosleep({tv_sec=0, tv_nsec=3000},  <unfinished ...>
7235  futex(0xc00004c948, FUTEX_WAKE_PRIVATE, 1 <unfinished ...>
