236859 set_robust_list(0x7f7b49e92920, 24 <unfinished ...>
236854 <... rt_sigprocmask resumed>NULL, 8) = 0
236859 <... set_robust_list resumed>)   = 0
236859 rt_sigprocmask(SIG_SETMASK, ~[KILL STOP RTMIN RT_1], NULL, 8) = 0
236854 fcntl(0, F_GETFL <unfinished ...>
236859 mmap(NULL, 134217728, PROT_NONE, MAP_PRIVATE|MAP_ANONYMOUS|MAP_NORESERVE, -1, 0 <unfinished ...>
236854 <... fcntl resumed>)             = 0x8000 (flags O_RDONLY|O_LARGEFILE)
236859 <... mmap resumed>)              = 0x7f7b2c000000
236854 mmap(NULL, 262144, PROT_READ|PROT_WRITE, MAP_PRIVATE|MAP_ANONYMOUS, -1, 0 <unfinished ...>
236859 munmap(0x7f7b30000000, 67108864 <unfinished ...>
236854 <... mmap resumed>)              = 0x7f7b49652000
236859 <... munmap resumed>)            = 0
236859 mprotect(0x7f7b2c000000, 135168, PROT_READ|PROT_WRITE <unfinished ...>
236854 futex(0xc000080150, FUTEX_WAKE_PRIVATE, 1 <unfinished ...>
236855 <... nanosleep resumed>NULL)     = 0
236859 <... mprotect resumed>)          = 0
236858 <... futex resumed>)             = 0
236855 nanosleep({tv_sec=0, tv_nsec=20000},  <unfinished ...>
236854 <... futex resumed>)             = 1
236859 sigaltstack(NULL,  <unfinished ...>
236858 nanosleep({tv_sec=0, tv_nsec=3000},  <unfinished ...>
236859 <... sigaltstack resumed>{ss_sp=NULL, ss_flags=SS_DISABLE, ss_size=0}) = 0
236854 fcntl(1, F_GETFL <unfinished ...>
236859 sigaltstack({ss_sp=0xc000100000, ss_flags=0, ss_size=32768},  <unfinished ...>
236854 <... fcntl resumed>)             = 0x1 (flags O_WRONLY)
236859 <... sigaltstack resumed>NULL)   = 0
236859 rt_sigprocmask(SIG_SETMASK, [],  <unfinished ...>
236854 fcntl(2, F_GETFL <unfinished ...>
236859 <... rt_sigprocmask resumed>NULL, 8) = 0
236854 <... fcntl resumed>)             = 0x1 (flags O_WRONLY)
236859 gettid()                         = 236859
236859 futex(0x56399280ef58, FUTEX_WAIT_PRIVATE, 0, NULL <unfinished ...>
236854 readlinkat(AT_FDCWD, "/proc/self/exe", "/usr/bin/runc", 128) = 13
236854 openat(AT_FDCWD, "/usr/bin/runc", O_RDONLY|O_CLOEXEC) = 4
236854 epoll_create1(EPOLL_CLOEXEC)     = 5
236858 <... nanosleep resumed>NULL)     = 0
236855 <... nanosleep resumed>NULL)     = 0
236854 pipe2( <unfinished ...>
236858 futex(0xc000046950, FUTEX_WAKE_PRIVATE, 1 <unfinished ...>
236855 nanosleep({tv_sec=0, tv_nsec=20000},  <unfinished ...>
236858 <... futex resumed>)             = 1
236854 <... pipe2 resumed>[6, 7], O_NONBLOCK|O_CLOEXEC) = 0
236858 futex(0xc000080150, FUTEX_WAIT_PRIVATE, 0, NULL <unfinished ...>
236856 <... futex resumed>)             = 0
236854 epoll_ctl(5, EPOLL_CTL_ADD, 6, {events=EPOLLIN, data={u32=2457922288, u64=94805271046896}} <unfinished ...>
236856 futex(0xc000046950, FUTEX_WAIT_PRIVATE, 0, NULL <unfinished ...>
236855 <... nanosleep resumed>NULL)     = 0
236854 <... epoll_ctl resumed>)         = 0
236855 nanosleep({tv_sec=0, tv_nsec=20000},  <unfinished ...>
236854 epoll_ctl(5, EPOLL_CTL_ADD, 4, {events=EPOLLIN|EPOLLOUT|EPOLLRDHUP|EPOLLET, data={u32=1231390424, u64=140167489095384}}) = -1 EPERM (不允许的操作)
236854 fstat(4, {st_mode=S_IFREG|0755, st_size=11057544, ...}) = 0
236854 pread64(4, "\177ELF\2\1\1\0\0\0\0\0\0\0\0\0\3\0>\0\1\0\0\0\3407%\0\0\0\0\0"..., 64, 0) = 64
236854 pread64(4, "\355y\0\0\0\0\0x\203\230\0\0\0\0\0\10\0\0\0\0\0\0\0`4i\0\0\0\0\0\210"..., 64, 1382193) = 64
236854 pread64(4,  <unfinished ...>
236855 <... nanosleep resumed>NULL)     = 0
236854 <... pread64 resumed>"\0H\211\204$\310\0\0\0H\211\234$\320\0\0\0H\211\224$\360\0\0\0H\211\214$\370\0\0"..., 64, 2764386) = 64
236855 epoll_pwait(5,  <unfinished ...>
236854 pread64(4,  <unfinished ...>
236855 <... epoll_pwait resumed>[], 128, 0, NULL, 140167398557920) = 0
236855 nanosleep({tv_sec=0, tv_nsec=20000},  <unfinished ...>
236854 <... pread64 resumed>"H\215l$`\215K\320\17\37D\0\0\200\371\tv\20\215K\237\200\371\5v\10\215K\277\200\371\5"..., 64, 4146579) = 64
236854 pread64(4, "$`H\215\5\"L\17\0\273/\0\0\0H\215L$X\277\1\0\0\0H\211\376\220\350\233i\336"..., 64, 5528772) = 64
236854 pread64(4, "\1\0\0\377\377\0\0'\0\0\0\233\0\0\0\3\27\0\0000\1\0\0\7\0\0\0&\0\0\0/"..., 64, 6910965) = 64
236854 pread64(4, "\0encoding/base64.(*Encoding).Enc"..., 64, 8293158) = 64
236854 pread64(4,  <unfinished ...>
236855 <... nanosleep resumed>NULL)     = 0
236854 <... pread64 resumed>"\0(\365\7\0\0\0\0\0\240M9\0\0\0\0\0\220\365\7\0\0\0\0\0 O9\0\0\0\0"..., 64, 9675351) = 64
236855 nanosleep({tv_sec=0, tv_nsec=20000},  <unfinished ...>
236854 close(4)                         = 0
236854 openat(AT_FDCWD, "/sys/kernel/mm/hugepages", O_RDONLY|O_CLOEXEC|O_DIRECTORY) = 4
236854 epoll_ctl(5, EPOLL_CTL_ADD, 4, {events=EPOLLIN|EPOLLOUT|EPOLLRDHUP|EPOLLET, data={u32=1231390424, u64=140167489095384}} <unfinished ...>
236855 <... nanosleep resumed>NULL)     = 0
236854 <... epoll_ctl resumed>)         = -1 EPERM (不允许的操作)
236855 nanosleep({tv_sec=0, tv_nsec=20000},  <unfinished ...>
236854 getdents64(4, 0xc00017a000 /* 4 entries */, 8192) = 128
236854 getdents64(4, 0xc00017a000 /* 0 entries */, 8192) = 0
236854 close(4)                         = 0
236855 <... nanosleep resumed>NULL)     = 0
236854 openat(AT_FDCWD, "/etc/selinux/config", O_RDONLY|O_CLOEXEC <unfinished ...>
236855 nanosleep({tv_sec=0, tv_nsec=20000},  <unfinished ...>
236854 <... openat resumed>)            = -1 ENOENT (没有那个文件或目录)
236854 openat(AT_FDCWD, "/usr/share/containers/selinux/contexts", O_RDONLY|O_CLOEXEC) = -1 ENOENT (没有那个文件或目录)
236854 openat(AT_FDCWD, "/etc/selinux/contexts/lxc_contexts", O_RDONLY|O_CLOEXEC) = -1 ENOENT (没有那个文件或目录)
236854 capget({version=0 /* _LINUX_CAPABILITY_VERSION_??? */, pid=0}, NULL) = 0
236854 openat(AT_FDCWD, "/proc/sys/kernel/cap_last_cap", O_RDONLY|O_CLOEXEC) = 4
236854 epoll_ctl(5, EPOLL_CTL_ADD, 4, {events=EPOLLIN|EPOLLOUT|EPOLLRDHUP|EPOLLET, data={u32=1231390424, u64=140167489095384}} <unfinished ...>
236855 <... nanosleep resumed>NULL)     = 0
236854 <... epoll_ctl resumed>)         = 0
236855 nanosleep({tv_sec=0, tv_nsec=20000},  <unfinished ...>
236854 fcntl(4, F_GETFL)                = 0x8000 (flags O_RDONLY|O_LARGEFILE)
236854 fcntl(4, F_SETFL, O_RDONLY|O_NONBLOCK|O_LARGEFILE) = 0
236854 read(4, "40\n", 11)              = 3
236854 epoll_ctl(5, EPOLL_CTL_DEL, 4, 0xc000193894) = 0
236854 close(4)                         = 0
236854 futex(0xc000046950, FUTEX_WAKE_PRIVATE, 1 <unfinished ...>
236855 <... nanosleep resumed>NULL)     = 0
236854 <... futex resumed>)             = 1
236856 <... futex resumed>)             = 0
236855 nanosleep({tv_sec=0, tv_nsec=20000},  <unfinished ...>
236854 futex(0xc000080150, FUTEX_WAKE_PRIVATE, 1 <unfinished ...>
236856 futex(0xc000046d50, FUTEX_WAKE_PRIVATE, 1 <unfinished ...>
236854 <... futex resumed>)             = 1
236858 <... futex resumed>)             = 0
236856 <... futex resumed>)             = 1
236857 <... futex resumed>)             = 0
236854 futex(0x5639927df170, FUTEX_WAIT_PRIVATE, 0, NULL <unfinished ...>
236857 futex(0xc000046d50, FUTEX_WAIT_PRIVATE, 0, NULL <unfinished ...>
236858 nanosleep({tv_sec=0, tv_nsec=3000},  <unfinished ...>
236856 futex(0xc000046d50, FUTEX_WAKE_PRIVATE, 1 <unfinished ...>
236855 <... nanosleep resumed>NULL)     = 0
236857 <... futex resumed>)             = -1 EAGAIN (资源暂时不可用)
236856 <... futex resumed>)             = 0
236855 nanosleep({tv_sec=0, tv_nsec=20000},  <unfinished ...>
236857 nanosleep({tv_sec=0, tv_nsec=3000},  <unfinished ...>
236856 futex(0x5639927df170, FUTEX_WAKE_PRIVATE, 1 <unfinished ...>
236858 <... nanosleep resumed>NULL)     = 0
236858 futex(0xc000080150, FUTEX_WAIT_PRIVATE, 0, NULL <unfinished ...>
236857 <... nanosleep resumed>NULL)     = 0
236856 <... futex resumed>)             = 1
236855 <... nanosleep resumed>NULL)     = 0
236854 <... futex resumed>)             = 0
236857 futex(0xc000046d50, FUTEX_WAIT_PRIVATE, 0, NULL <unfinished ...>
236856 futex(0xc000046950, FUTEX_WAIT_PRIVATE, 0, NULL <unfinished ...>
236855 nanosleep({tv_sec=0, tv_nsec=20000},  <unfinished ...>
236854 futex(0xc000046950, FUTEX_WAKE_PRIVATE, 1 <unfinished ...>
236856 <... futex resumed>)             = 0
236855 <... nanosleep resumed>NULL)     = 0
236854 <... futex resumed>)             = 1
236856 nanosleep({tv_sec=0, tv_nsec=3000},  <unfinished ...>
236855 nanosleep({tv_sec=0, tv_nsec=20000},  <unfinished ...>
236854 futex(0xc000046d50, FUTEX_WAKE_PRIVATE, 1 <unfinished ...>
236857 <... futex resumed>)             = 0
236854 <... futex resumed>)             = 1
236857 futex(0x5639927df170, FUTEX_WAKE_PRIVATE, 1 <unfinished ...>
236854 futex(0xc000080150, FUTEX_WAKE_PRIVATE, 1 <unfinished ...>
236857 <... futex resumed>)             = 0
236857 futex(0xc000046d50, FUTEX_WAIT_PRIVATE, 0, NULL <unfinished ...>
236854 <... futex resumed>)             = 1
236858 <... futex resumed>)             = 0
236856 <... nanosleep resumed>NULL)     = 0
236855 <... nanosleep resumed>NULL)     = 0
236856 futex(0xc000046d50, FUTEX_WAKE_PRIVATE, 1 <unfinished ...>
236854 futex(0x5639927df170, FUTEX_WAIT_PRIVATE, 0, NULL <unfinished ...>
236858 futex(0xc000080150, FUTEX_WAIT_PRIVATE, 0, NULL <unfinished ...>
236856 <... futex resumed>)             = 1
236855 nanosleep({tv_sec=0, tv_nsec=20000},  <unfinished ...>
236857 <... futex resumed>)             = 0
236856 futex(0x5639927df170, FUTEX_WAKE_PRIVATE, 1 <unfinished ...>
236857 futex(0xc000046d50, FUTEX_WAIT_PRIVATE, 0, NULL <unfinished ...>
236856 <... futex resumed>)             = 1
236855 <... nanosleep resumed>NULL)     = 0
236854 <... futex resumed>)             = 0
236856 futex(0xc000046950, FUTEX_WAIT_PRIVATE, 0, NULL <unfinished ...>
236855 nanosleep({tv_sec=0, tv_nsec=20000},  <unfinished ...>
236854 futex(0xc000046950, FUTEX_WAKE_PRIVATE, 1 <unfinished ...>
236856 <... futex resumed>)             = 0
236855 <... nanosleep resumed>NULL)     = 0
236854 <... futex resumed>)             = 1
236856 nanosleep({tv_sec=0, tv_nsec=3000},  <unfinished ...>
236855 nanosleep({tv_sec=0, tv_nsec=20000},  <unfinished ...>
236854 futex(0xc000046d50, FUTEX_WAKE_PRIVATE, 1 <unfinished ...>
236857 <... futex resumed>)             = 0
236854 <... futex resumed>)             = 1
236857 futex(0x5639927df170, FUTEX_WAKE_PRIVATE, 1 <unfinished ...>
236854 futex(0xc000080150, FUTEX_WAKE_PRIVATE, 1 <unfinished ...>
236857 <... futex resumed>)             = 0
236854 <... futex resumed>)             = 1
236858 <... futex resumed>)             = 0
236857 futex(0xc000046d50, FUTEX_WAIT_PRIVATE, 0, NULL <unfinished ...>
236856 <... nanosleep resumed>NULL)     = 0
236855 <... nanosleep resumed>NULL)     = 0
236854 futex(0x5639927df170, FUTEX_WAIT_PRIVATE, 0, NULL <unfinished ...>
236858 futex(0xc000080150, FUTEX_WAIT_PRIVATE, 0, NULL <unfinished ...>
236856 futex(0xc000046d50, FUTEX_WAKE_PRIVATE, 1 <unfinished ...>
236855 nanosleep({tv_sec=0, tv_nsec=20000},  <unfinished ...>
236856 <... futex resumed>)             = 1
236857 <... futex resumed>)             = 0
236856 futex(0x5639927df170, FUTEX_WAKE_PRIVATE, 1 <unfinished ...>
236855 <... nanosleep resumed>NULL)     = 0
236857 futex(0xc000046d50, FUTEX_WAIT_PRIVATE, 0, NULL <unfinished ...>
236856 <... futex resumed>)             = 1
236855 nanosleep({tv_sec=0, tv_nsec=20000},  <unfinished ...>
236854 <... futex resumed>)             = 0
236856 futex(0xc000046950, FUTEX_WAIT_PRIVATE, 0, NULL <unfinished ...>
236854 futex(0xc000046950, FUTEX_WAKE_PRIVATE, 1 <unfinished ...>
236856 <... futex resumed>)             = 0
236855 <... nanosleep resumed>NULL)     = 0
236854 <... futex resumed>)             = 1
236856 nanosleep({tv_sec=0, tv_nsec=3000},  <unfinished ...>
236855 nanosleep({tv_sec=0, tv_nsec=20000},  <unfinished ...>
236854 futex(0xc000046d50, FUTEX_WAKE_PRIVATE, 1 <unfinished ...>
236857 <... futex resumed>)             = 0
236854 <... futex resumed>)             = 1
236857 futex(0x5639927df170, FUTEX_WAKE_PRIVATE, 1 <unfinished ...>
236854 futex(0xc000080150, FUTEX_WAKE_PRIVATE, 1 <unfinished ...>
236857 <... futex resumed>)             = 0
236854 <... futex resumed>)             = 1
236858 <... futex resumed>)             = 0
236856 <... nanosleep resumed>NULL)     = 0
236855 <... nanosleep resumed>NULL)     = 0
236857 futex(0xc000046d50, FUTEX_WAIT_PRIVATE, 0, NULL <unfinished ...>
236854 futex(0x5639927df170, FUTEX_WAIT_PRIVATE, 0, NULL <unfinished ...>
236858 futex(0xc000080150, FUTEX_WAIT_PRIVATE, 0, NULL <unfinished ...>
236856 futex(0xc000046d50, FUTEX_WAKE_PRIVATE, 1 <unfinished ...>
236855 nanosleep({tv_sec=0, tv_nsec=20000},  <unfinished ...>
236857 <... futex resumed>)             = -1 EAGAIN (资源暂时不可用)
236856 <... futex resumed>)             = 0
236857 futex(0xc000046d50, FUTEX_WAIT_PRIVATE, 0, NULL <unfinished ...>
236856 futex(0xc000046d50, FUTEX_WAKE_PRIVATE, 1 <unfinished ...>
236855 <... nanosleep resumed>NULL)     = 0
236855 nanosleep({tv_sec=0, tv_nsec=20000},  <unfinished ...>
236856 <... futex resumed>)             = 1
236857 <... futex resumed>)             = 0
236857 nanosleep({tv_sec=0, tv_nsec=3000},  <unfinished ...>
236856 futex(0x5639927df170, FUTEX_WAKE_PRIVATE, 1 <unfinished ...>
236855 <... nanosleep resumed>NULL)     = 0
236856 <... futex resumed>)             = 1
236855 nanosleep({tv_sec=0, tv_nsec=20000},  <unfinished ...>
236857 <... nanosleep resumed>NULL)     = 0
236856 futex(0xc000046950, FUTEX_WAIT_PRIVATE, 0, NULL <unfinished ...>
236854 <... futex resumed>)             = 0
236857 futex(0xc000046d50, FUTEX_WAIT_PRIVATE, 0, NULL <unfinished ...>
236855 <... nanosleep resumed>NULL)     = 0
236854 futex(0xc000046d50, FUTEX_WAKE_PRIVATE, 1 <unfinished ...>
236857 <... futex resumed>)             = -1 EAGAIN (资源暂时不可用)
236855 nanosleep({tv_sec=0, tv_nsec=20000},  <unfinished ...>
236854 <... futex resumed>)             = 0
236857 nanosleep({tv_sec=0, tv_nsec=3000},  <unfinished ...>
236854 futex(0xc000046950, FUTEX_WAKE_PRIVATE, 1 <unfinished ...>
236855 <... nanosleep resumed>NULL)     = 0
236857 <... nanosleep resumed>NULL)     = 0
236855 epoll_pwait(5,  <unfinished ...>
236854 <... futex resumed>)             = 1
236857 futex(0xc000080150, FUTEX_WAKE_PRIVATE, 1 <unfinished ...>
236856 <... futex resumed>)             = 0
236855 <... epoll_pwait resumed>[], 128, 0, NULL, 140167398557920) = 0
236858 <... futex resumed>)             = 0
236857 <... futex resumed>)             = 1
236856 futex(0xc000046950, FUTEX_WAIT_PRIVATE, 0, NULL <unfinished ...>
236854 futex(0x5639927df170, FUTEX_WAIT_PRIVATE, 0, NULL <unfinished ...>
236858 futex(0xc000080150, FUTEX_WAIT_PRIVATE, 0, NULL <unfinished ...>
236857 futex(0xc000080150, FUTEX_WAKE_PRIVATE, 1 <unfinished ...>
236855 nanosleep({tv_sec=0, tv_nsec=20000},  <unfinished ...>
236858 <... futex resumed>)             = -1 EAGAIN (资源暂时不可用)
236857 <... futex resumed>)             = 0
236858 nanosleep({tv_sec=0, tv_nsec=3000},  <unfinished ...>
236857 futex(0x5639927df170, FUTEX_WAKE_PRIVATE, 1 <unfinished ...>
236855 <... nanosleep resumed>NULL)     = 0
236857 <... futex resumed>)             = 1
236855 nanosleep({tv_sec=0, tv_nsec=20000},  <unfinished ...>
236854 <... futex resumed>)             = 0
236858 <... nanosleep resumed>NULL)     = 0
236857 futex(0xc000046d50, FUTEX_WAIT_PRIVATE, 0, NULL <unfinished ...>
236854 futex(0xc000046d50, FUTEX_WAKE_PRIVATE, 1 <unfinished ...>
236858 futex(0xc000046950, FUTEX_WAKE_PRIVATE, 1 <unfinished ...>
236857 <... futex resumed>)             = -1 EAGAIN (资源暂时不可用)
236854 <... futex resumed>)             = 0
236858 <... futex resumed>)             = 1
236857 futex(0xc000046d50, FUTEX_WAIT_PRIVATE, 0, NULL <unfinished ...>
236856 <... futex resumed>)             = 0
236855 <... nanosleep resumed>NULL)     = 0
236854 futex(0x5639927df170, FUTEX_WAIT_PRIVATE, 0, NULL <unfinished ...>
236858 futex(0x5639927df170, FUTEX_WAKE_PRIVATE, 1 <unfinished ...>
236854 <... futex resumed>)             = -1 EAGAIN (资源暂时不可用)
236856 futex(0xc000046950, FUTEX_WAIT_PRIVATE, 0, NULL <unfinished ...>
236858 <... futex resumed>)             = 0
236855 nanosleep({tv_sec=0, tv_nsec=20000},  <unfinished ...>
236858 futex(0xc000080150, FUTEX_WAIT_PRIVATE, 0, NULL <unfinished ...>
236856 <... futex resumed>)             = -1 EAGAIN (资源暂时不可用)
236854 futex(0xc000046950, FUTEX_WAKE_PRIVATE, 1 <unfinished ...>
236856 nanosleep({tv_sec=0, tv_nsec=3000},  <unfinished ...>
236855 <... nanosleep resumed>NULL)     = 0
236854 <... futex resumed>)             = 0
236855 nanosleep({tv_sec=0, tv_nsec=20000},  <unfinished ...>
236854 futex(0xc000080150, FUTEX_WAKE_PRIVATE, 1 <unfinished ...>
236858 <... futex resumed>)             = 0
236856 <... nanosleep resumed>NULL)     = 0
236854 <... futex resumed>)             = 1
236858 futex(0x5639927df170, FUTEX_WAKE_PRIVATE, 1) = 0
236856 futex(0xc000046950, FUTEX_WAIT_PRIVATE, 0, NULL <unfinished ...>
236855 <... nanosleep resumed>NULL)     = 0
236854 futex(0xc000046950, FUTEX_WAKE_PRIVATE, 1 <unfinished ...>
236858 futex(0xc000080150, FUTEX_WAIT_PRIVATE, 0, NULL <unfinished ...>
236856 <... futex resumed>)             = -1 EAGAIN (资源暂时不可用)
236855 nanosleep({tv_sec=0, tv_nsec=20000},  <unfinished ...>
236856 nanosleep({tv_sec=0, tv_nsec=3000},  <unfinished ...>
236854 <... futex resumed>)             = 0
236855 <... nanosleep resumed>NULL)     = 0
236854 futex(0xc000080150, FUTEX_WAKE_PRIVATE, 1 <unfinished ...>
236855 nanosleep({tv_sec=0, tv_nsec=20000},  <unfinished ...>
236858 <... futex resumed>)             = 0
236856 <... nanosleep resumed>NULL)     = 0
236854 <... futex resumed>)             = 1
236855 <... nanosleep resumed>NULL)     = 0
236858 futex(0x5639927df170, FUTEX_WAKE_PRIVATE, 1 <unfinished ...>
236856 futex(0xc000046950, FUTEX_WAIT_PRIVATE, 0, NULL <unfinished ...>
236855 nanosleep({tv_sec=0, tv_nsec=20000},  <unfinished ...>
236854 futex(0xc000046950, FUTEX_WAKE_PRIVATE, 1 <unfinished ...>
236858 <... futex resumed>)             = 0
236856 <... futex resumed>)             = -1 EAGAIN (资源暂时不可用)
236858 futex(0xc000080150, FUTEX_WAIT_PRIVATE, 0, NULL <unfinished ...>
236854 <... futex resumed>)             = 0
236856 nanosleep({tv_sec=0, tv_nsec=3000},  <unfinished ...>
236855 <... nanosleep resumed>NULL)     = 0
236854 futex(0xc000080150, FUTEX_WAKE_PRIVATE, 1 <unfinished ...>
236858 <... futex resumed>)             = 0
236856 <... nanosleep resumed>NULL)     = 0
236855 nanosleep({tv_sec=0, tv_nsec=20000},  <unfinished ...>
236854 <... futex resumed>)             = 1
236858 futex(0x5639927df170, FUTEX_WAKE_PRIVATE, 1 <unfinished ...>
236856 futex(0xc000046950, FUTEX_WAIT_PRIVATE, 0, NULL <unfinished ...>
236854 futex(0xc000046950, FUTEX_WAKE_PRIVATE, 1 <unfinished ...>
236858 <... futex resumed>)             = 0
236855 <... nanosleep resumed>NULL)     = 0
236858 futex(0xc000080150, FUTEX_WAIT_PRIVATE, 0, NULL <unfinished ...>
236856 <... futex resumed>)             = -1 EAGAIN (资源暂时不可用)
236854 <... futex resumed>)             = 0
236856 nanosleep({tv_sec=0, tv_nsec=3000},  <unfinished ...>
236855 nanosleep({tv_sec=0, tv_nsec=20000},  <unfinished ...>
236854 futex(0xc000080150, FUTEX_WAKE_PRIVATE, 1 <unfinished ...>
236856 <... nanosleep resumed>NULL)     = 0
236854 <... futex resumed>)             = 1
236858 <... futex resumed>)             = 0
236856 futex(0xc000046d50, FUTEX_WAKE_PRIVATE, 1 <unfinished ...>
236858 futex(0xc000080150, FUTEX_WAIT_PRIVATE, 0, NULL <unfinished ...>
236857 <... futex resumed>)             = 0
236856 <... futex resumed>)             = 1
236855 <... nanosleep resumed>NULL)     = 0
236854 futex(0x5639927df170, FUTEX_WAIT_PRIVATE, 0, NULL <unfinished ...>
236856 futex(0x5639927df170, FUTEX_WAKE_PRIVATE, 1 <unfinished ...>
236857 futex(0xc000046d50, FUTEX_WAIT_PRIVATE, 0, NULL <unfinished ...>
236855 nanosleep({tv_sec=0, tv_nsec=20000},  <unfinished ...>
236854 <... futex resumed>)             = -1 EAGAIN (资源暂时不可用)
236856 <... futex resumed>)             = 0
236856 futex(0xc000046950, FUTEX_WAIT_PRIVATE, 0, NULL <unfinished ...>
236854 futex(0xc000046950, FUTEX_WAKE_PRIVATE, 1 <unfinished ...>
236855 <... nanosleep resumed>NULL)     = 0
236856 <... futex resumed>)             = -1 EAGAIN (资源暂时不可用)
236854 <... futex resumed>)             = 0
236856 nanosleep({tv_sec=0, tv_nsec=3000},  <unfinished ...>
236855 nanosleep({tv_sec=0, tv_nsec=20000},  <unfinished ...>
236854 futex(0xc000046d50, FUTEX_WAKE_PRIVATE, 1 <unfinished ...>
236857 <... futex resumed>)             = 0
236854 <... futex resumed>)             = 1
236857 futex(0x5639927df170, FUTEX_WAKE_PRIVATE, 1 <unfinished ...>
236856 <... nanosleep resumed>NULL)     = 0
236855 <... nanosleep resumed>NULL)     = 0
236854 futex(0x5639927df170, FUTEX_WAIT_PRIVATE, 0, NULL <unfinished ...>
236857 <... futex resumed>)             = 0
236856 futex(0xc000046950, FUTEX_WAIT_PRIVATE, 0, NULL <unfinished ...>
236855 nanosleep({tv_sec=0, tv_nsec=20000},  <unfinished ...>
236854 <... futex resumed>)             = -1 EAGAIN (资源暂时不可用)
236857 futex(0xc000046d50, FUTEX_WAIT_PRIVATE, 0, NULL <unfinished ...>
236854 futex(0xc000046d50, FUTEX_WAKE_PRIVATE, 1 <unfinished ...>
236857 <... futex resumed>)             = -1 EAGAIN (资源暂时不可用)
236854 <... futex resumed>)             = 0
236857 nanosleep({tv_sec=0, tv_nsec=3000},  <unfinished ...>
236855 <... nanosleep resumed>NULL)     = 0
236854 futex(0xc000046950, FUTEX_WAKE_PRIVATE, 1 <unfinished ...>
236855 nanosleep({tv_sec=0, tv_nsec=20000},  <unfinished ...>
236857 <... nanosleep resumed>NULL)     = 0
236856 <... futex resumed>)             = 0
236855 <... nanosleep resumed>NULL)     = 0
236854 <... futex resumed>)             = 1
236857 futex(0xc000080150, FUTEX_WAKE_PRIVATE, 1 <unfinished ...>
236856 futex(0xc000046950, FUTEX_WAIT_PRIVATE, 0, NULL <unfinished ...>
236855 nanosleep({tv_sec=0, tv_nsec=20000},  <unfinished ...>
236854 futex(0x5639927df170, FUTEX_WAIT_PRIVATE, 0, NULL <unfinished ...>
236858 <... futex resumed>)             = 0
236857 <... futex resumed>)             = 1
236858 futex(0xc000080150, FUTEX_WAIT_PRIVATE, 0, NULL <unfinished ...>
236855 <... nanosleep resumed>NULL)     = 0
236857 futex(0xc000080150, FUTEX_WAKE_PRIVATE, 1 <unfinished ...>
236858 <... futex resumed>)             = -1 EAGAIN (资源暂时不可用)
236855 nanosleep({tv_sec=0, tv_nsec=20000},  <unfinished ...>
236858 nanosleep({tv_sec=0, tv_nsec=3000},  <unfinished ...>
236857 <... futex resumed>)             = 0
236857 futex(0x5639927df170, FUTEX_WAKE_PRIVATE, 1 <unfinished ...>
236858 <... nanosleep resumed>NULL)     = 0
236855 <... nanosleep resumed>NULL)     = 0
236857 <... futex resumed>)             = 1
236854 <... futex resumed>)             = 0
236858 futex(0xc000080150, FUTEX_WAIT_PRIVATE, 0, NULL <unfinished ...>
236855 nanosleep({tv_sec=0, tv_nsec=20000},  <unfinished ...>
236857 futex(0xc000046d50, FUTEX_WAIT_PRIVATE, 0, NULL <unfinished ...>
236854 futex(0xc000046d50, FUTEX_WAKE_PRIVATE, 1 <unfinished ...>
236857 <... futex resumed>)             = -1 EAGAIN (资源暂时不可用)
236854 <... futex resumed>)             = 0
236857 nanosleep({tv_sec=0, tv_nsec=3000},  <unfinished ...>
236855 <... nanosleep resumed>NULL)     = 0
236854 futex(0xc000080150, FUTEX_WAKE_PRIVATE, 1 <unfinished ...>
236855 nanosleep({tv_sec=0, tv_nsec=20000},  <unfinished ...>
236857 <... nanosleep resumed>NULL)     = 0
236854 <... futex resumed>)             = 1
236858 <... futex resumed>)             = 0
236857 futex(0xc000046950, FUTEX_WAKE_PRIVATE, 1 <unfinished ...>
236855 <... nanosleep resumed>NULL)     = 0
236854 futex(0x5639927df170, FUTEX_WAIT_PRIVATE, 0, NULL <unfinished ...>
236858 futex(0xc000080150, FUTEX_WAIT_PRIVATE, 0, NULL <unfinished ...>
236857 <... futex resumed>)             = 1
236856 <... futex resumed>)             = 0
236855 nanosleep({tv_sec=0, tv_nsec=20000},  <unfinished ...>
236857 futex(0x5639927df170, FUTEX_WAKE_PRIVATE, 1 <unfinished ...>
236856 futex(0xc000046950, FUTEX_WAIT_PRIVATE, 0, NULL <unfinished ...>
236857 <... futex resumed>)             = 1
236855 <... nanosleep resumed>NULL)     = 0
236854 <... futex resumed>)             = 0
236857 futex(0xc000046d50, FUTEX_WAIT_PRIVATE, 0, NULL <unfinished ...>
236855 nanosleep({tv_sec=0, tv_nsec=20000},  <unfinished ...>
236857 <... futex resumed>)             = -1 EAGAIN (资源暂时不可用)
236854 futex(0xc000046d50, FUTEX_WAKE_PRIVATE, 1 <unfinished ...>
236857 nanosleep({tv_sec=0, tv_nsec=3000},  <unfinished ...>
236854 <... futex resumed>)             = 0
236854 futex(0xc000046950, FUTEX_WAKE_PRIVATE, 1 <unfinished ...>
236856 <... futex resumed>)             = 0
236855 <... nanosleep resumed>NULL)     = 0
236854 <... futex resumed>)             = 1
236857 <... nanosleep resumed>NULL)     = 0
236856 futex(0x5639927df170, FUTEX_WAKE_PRIVATE, 1 <unfinished ...>
236855 nanosleep({tv_sec=0, tv_nsec=20000},  <unfinished ...>
236857 futex(0xc000046d50, FUTEX_WAIT_PRIVATE, 0, NULL <unfinished ...>
236856 <... futex resumed>)             = 0
236854 futex(0xc000046d50, FUTEX_WAKE_PRIVATE, 1 <unfinished ...>
236857 <... futex resumed>)             = -1 EAGAIN (资源暂时不可用)
236856 futex(0xc000046950, FUTEX_WAIT_PRIVATE, 0, NULL <unfinished ...>
236855 <... nanosleep resumed>NULL)     = 0
236854 <... futex resumed>)             = 0
236857 nanosleep({tv_sec=0, tv_nsec=3000},  <unfinished ...>
236855 nanosleep({tv_sec=0, tv_nsec=20000},  <unfinished ...>
236854 futex(0xc000046950, FUTEX_WAKE_PRIVATE, 1 <unfinished ...>
236856 <... futex resumed>)             = -1 EAGAIN (资源暂时不可用)
236857 <... nanosleep resumed>NULL)     = 0
236854 <... futex resumed>)             = 0
236857 futex(0xc000080150, FUTEX_WAKE_PRIVATE, 1 <unfinished ...>
236856 futex(0xc000046950, FUTEX_WAIT_PRIVATE, 0, NULL <unfinished ...>
236855 <... nanosleep resumed>NULL)     = 0
236854 futex(0x5639927df170, FUTEX_WAIT_PRIVATE, 0, NULL <unfinished ...>
236857 <... futex resumed>)             = 1
236858 <... futex resumed>)             = 0
236855 nanosleep({tv_sec=0, tv_nsec=20000},  <unfinished ...>
236858 futex(0xc000080150, FUTEX_WAIT_PRIVATE, 0, NULL <unfinished ...>
236857 futex(0x5639927df170, FUTEX_WAKE_PRIVATE, 1) = 1
236855 <... nanosleep resumed>NULL)     = 0
236854 <... futex resumed>)             = 0
236857 futex(0xc000046d50, FUTEX_WAIT_PRIVATE, 0, NULL <unfinished ...>
236855 nanosleep({tv_sec=0, tv_nsec=40000},  <unfinished ...>
236854 futex(0xc000046d50, FUTEX_WAKE_PRIVATE, 1 <unfinished ...>
236857 <... futex resumed>)             = 0
236854 <... futex resumed>)             = 1
236857 nanosleep({tv_sec=0, tv_nsec=3000},  <unfinished ...>
236855 <... nanosleep resumed>NULL)     = 0
236855 nanosleep({tv_sec=0, tv_nsec=80000},  <unfinished ...>
236854 futex(0xc000080150, FUTEX_WAKE_PRIVATE, 1 <unfinished ...>
236857 <... nanosleep resumed>NULL)     = 0
236854 <... futex resumed>)             = 1
236858 <... futex resumed>)             = 0
236857 futex(0xc000046950, FUTEX_WAKE_PRIVATE, 1 <unfinished ...>
236858 futex(0xc000080150, FUTEX_WAIT_PRIVATE, 0, NULL <unfinished ...>
236855 <... nanosleep resumed>NULL)     = 0
236854 futex(0x5639927df170, FUTEX_WAIT_PRIVATE, 0, NULL <unfinished ...>
236857 <... futex resumed>)             = 1
236856 <... futex resumed>)             = 0
236855 nanosleep({tv_sec=0, tv_nsec=160000},  <unfinished ...>
236857 futex(0x5639927df170, FUTEX_WAKE_PRIVATE, 1 <unfinished ...>
236856 nanosleep({tv_sec=0, tv_nsec=3000},  <unfinished ...>
236857 <... futex resumed>)             = 1
236854 <... futex resumed>)             = 0
236857 futex(0xc000046d50, FUTEX_WAIT_PRIVATE, 0, NULL <unfinished ...>
236854 futex(0xc000046d50, FUTEX_WAKE_PRIVATE, 1 <unfinished ...>
236857 <... futex resumed>)             = -1 EAGAIN (资源暂时不可用)
236856 <... nanosleep resumed>NULL)     = 0
236857 futex(0x5639927df170, FUTEX_WAKE_PRIVATE, 1 <unfinished ...>
236854 <... futex resumed>)             = 0
236857 <... futex resumed>)             = 0
236856 futex(0xc000046950, FUTEX_WAIT_PRIVATE, 0, NULL <unfinished ...>
236857 futex(0xc000046d50, FUTEX_WAIT_PRIVATE, 0, NULL <unfinished ...>
236855 <... nanosleep resumed>NULL)     = 0
236854 futex(0xc000046950, FUTEX_WAKE_PRIVATE, 1 <unfinished ...>
236856 <... futex resumed>)             = -1 EAGAIN (资源暂时不可用)
236855 nanosleep({tv_sec=0, tv_nsec=320000},  <unfinished ...>
236856 nanosleep({tv_sec=0, tv_nsec=3000},  <unfinished ...>
236854 <... futex resumed>)             = 0
236854 futex(0xc000046d50, FUTEX_WAKE_PRIVATE, 1 <unfinished ...>
236857 <... futex resumed>)             = 0
236856 <... nanosleep resumed>NULL)     = 0
236854 <... futex resumed>)             = 1
236857 futex(0x5639927df170, FUTEX_WAKE_PRIVATE, 1 <unfinished ...>
236856 futex(0xc000046950, FUTEX_WAIT_PRIVATE, 0, NULL <unfinished ...>
236854 futex(0xc000046950, FUTEX_WAKE_PRIVATE, 1 <unfinished ...>
236857 <... futex resumed>)             = 0
236856 <... futex resumed>)             = -1 EAGAIN (资源暂时不可用)
236857 futex(0xc000046d50, FUTEX_WAIT_PRIVATE, 0, NULL <unfinished ...>
236856 nanosleep({tv_sec=0, tv_nsec=3000},  <unfinished ...>
236854 <... futex resumed>)             = 0
236855 <... nanosleep resumed>NULL)     = 0
236854 futex(0xc000046d50, FUTEX_WAKE_PRIVATE, 1 <unfinished ...>
236855 nanosleep({tv_sec=0, tv_nsec=640000},  <unfinished ...>
236856 <... nanosleep resumed>NULL)     = 0
236857 <... futex resumed>)             = 0
236854 <... futex resumed>)             = 1
236857 futex(0xc000046d50, FUTEX_WAIT_PRIVATE, 0, NULL <unfinished ...>
236856 futex(0xc000080150, FUTEX_WAKE_PRIVATE, 1 <unfinished ...>
236854 futex(0x5639927df170, FUTEX_WAIT_PRIVATE, 0, NULL <unfinished ...>
236858 <... futex resumed>)             = 0
236856 <... futex resumed>)             = 1
236858 futex(0xc000080150, FUTEX_WAIT_PRIVATE, 0, NULL <unfinished ...>
236856 futex(0xc000080150, FUTEX_WAKE_PRIVATE, 1 <unfinished ...>
236858 <... futex resumed>)             = -1 EAGAIN (资源暂时不可用)
236856 <... futex resumed>)             = 0
236858 nanosleep({tv_sec=0, tv_nsec=3000},  <unfinished ...>
236856 futex(0x5639927df170, FUTEX_WAKE_PRIVATE, 1) = 1
236858 <... nanosleep resumed>NULL)     = 0
236854 <... futex resumed>)             = 0
236858 futex(0xc000080150, FUTEX_WAIT_PRIVATE, 0, NULL <unfinished ...>
236856 futex(0xc000046950, FUTEX_WAIT_PRIVATE, 0, NULL <unfinished ...>
236858 <... futex resumed>)             = -1 EAGAIN (资源暂时不可用)
236854 futex(0xc000080150, FUTEX_WAKE_PRIVATE, 1 <unfinished ...>
236858 nanosleep({tv_sec=0, tv_nsec=3000},  <unfinished ...>
236855 <... nanosleep resumed>NULL)     = 0
236854 <... futex resumed>)             = 0
236855 nanosleep({tv_sec=0, tv_nsec=1280000},  <unfinished ...>
236854 futex(0xc000046950, FUTEX_WAKE_PRIVATE, 1 <unfinished ...>
236858 <... nanosleep resumed>NULL)     = 0
236856 <... futex resumed>)             = 0
236854 <... futex resumed>)             = 1
236858 futex(0xc000046d50, FUTEX_WAKE_PRIVATE, 1 <unfinished ...>
236856 futex(0xc000046950, FUTEX_WAIT_PRIVATE, 0, NULL <unfinished ...>
236858 <... futex resumed>)             = 1
236854 futex(0x5639927df170, FUTEX_WAIT_PRIVATE, 0, NULL <unfinished ...>
236858 futex(0x5639927df170, FUTEX_WAKE_PRIVATE, 1 <unfinished ...>
236857 <... futex resumed>)             = 0
236854 <... futex resumed>)             = -1 EAGAIN (资源暂时不可用)
236858 <... futex resumed>)             = 0
236857 futex(0xc000046d50, FUTEX_WAIT_PRIVATE, 0, NULL <unfinished ...>
236854 futex(0xc000046d50, FUTEX_WAKE_PRIVATE, 1 <unfinished ...>
236857 <... futex resumed>)             = -1 EAGAIN (资源暂时不可用)
236858 futex(0xc000080150, FUTEX_WAIT_PRIVATE, 0, NULL <unfinished ...>
236857 nanosleep({tv_sec=0, tv_nsec=3000},  <unfinished ...>
236854 <... futex resumed>)             = 0
236854 futex(0xc000080150, FUTEX_WAKE_PRIVATE, 1 <unfinished ...>
236857 <... nanosleep resumed>NULL)     = 0
236854 <... futex resumed>)             = 1
236857 futex(0xc000046950, FUTEX_WAKE_PRIVATE, 1 <unfinished ...>
236854 futex(0x5639927df170, FUTEX_WAIT_PRIVATE, 0, NULL <unfinished ...>
236857 <... futex resumed>)             = 1
236856 <... futex resumed>)             = 0
236857 futex(0xc000046950, FUTEX_WAKE_PRIVATE, 1 <unfinished ...>
236856 futex(0xc000046950, FUTEX_WAIT_PRIVATE, 0, NULL <unfinished ...>
236857 <... futex resumed>)             = 0
236856 <... futex resumed>)             = -1 EAGAIN (资源暂时不可用)
236857 futex(0x5639927df170, FUTEX_WAKE_PRIVATE, 1) = 1
236856 futex(0xc000046950, FUTEX_WAIT_PRIVATE, 0, NULL <unfinished ...>
236854 <... futex resumed>)             = 0
236857 futex(0xc000046d50, FUTEX_WAIT_PRIVATE, 0, NULL <unfinished ...>
236854 futex(0xc000046d50, FUTEX_WAKE_PRIVATE, 1 <unfinished ...>
236857 <... futex resumed>)             = 0
236854 <... futex resumed>)             = 1
236857 nanosleep({tv_sec=0, tv_nsec=3000},  <unfinished ...>
236854 futex(0xc000046950, FUTEX_WAKE_PRIVATE, 1 <unfinished ...>
236856 <... futex resumed>)             = 0
236854 <... futex resumed>)             = 1
236857 <... nanosleep resumed>NULL)     = 0
236856 futex(0x5639927df170, FUTEX_WAKE_PRIVATE, 1 <unfinished ...>
236857 rt_sigprocmask(SIG_SETMASK, ~[RTMIN RT_1],  <unfinished ...>
236856 <... futex resumed>)             = 0
236854 rt_sigprocmask(SIG_SETMASK, ~[RTMIN RT_1],  <unfinished ...>
236857 <... rt_sigprocmask resumed>[], 8) = 0
236856 futex(0xc000046950, FUTEX_WAIT_PRIVATE, 0, NULL <unfinished ...>
236854 <... rt_sigprocmask resumed>[], 8) = 0
236857 mmap(NULL, 8392704, PROT_NONE, MAP_PRIVATE|MAP_ANONYMOUS|MAP_STACK, -1, 0 <unfinished ...>
236854 mmap(NULL, 8392704, PROT_NONE, MAP_PRIVATE|MAP_ANONYMOUS|MAP_STACK, -1, 0 <unfinished ...>
236857 <... mmap resumed>)              = 0x7f7b48e51000
236854 <... mmap resumed>)              = 0x7f7b48650000
236857 mprotect(0x7f7b48e52000, 8388608, PROT_READ|PROT_WRITE <unfinished ...>
236854 mprotect(0x7f7b48651000, 8388608, PROT_READ|PROT_WRITE <unfinished ...>
236857 <... mprotect resumed>)          = 0
236854 <... mprotect resumed>)          = 0
236857 rt_sigprocmask(SIG_BLOCK, ~[],  <unfinished ...>
236855 <... nanosleep resumed>NULL)     = 0
236854 rt_sigprocmask(SIG_BLOCK, ~[],  <unfinished ...>
236858 <... futex resumed>)             = 0
236857 <... rt_sigprocmask resumed>~[KILL STOP RTMIN RT_1], 8) = 0
236855 epoll_pwait(5,  <unfinished ...>
236858 futex(0xc000080150, FUTEX_WAIT_PRIVATE, 0, NULL <unfinished ...>
236857 clone3({flags=CLONE_VM|CLONE_FS|CLONE_FILES|CLONE_SIGHAND|CLONE_THREAD|CLONE_SYSVSEM|CLONE_SETTLS|CLONE_PARENT_SETTID|CLONE_CHILD_CLEARTID, child_tid=0x7f7b49651910, parent_tid=0x7f7b49651910, exit_signal=0, stack=0x7f7b48e51000, stack_size=0x7fff00, tls=0x7f7b49651640} <unfinished ...>
236854 <... rt_sigprocmask resumed>~[KILL STOP RTMIN RT_1], 8) = 0
236855 <... epoll_pwait resumed>[], 128, 0, NULL, 140167398557920) = 0
236855 nanosleep({tv_sec=0, tv_nsec=2560000},  <unfinished ...>
236854 clone3({flags=CLONE_VM|CLONE_FS|CLONE_FILES|CLONE_SIGHAND|CLONE_THREAD|CLONE_SYSVSEM|CLONE_SETTLS|CLONE_PARENT_SETTID|CLONE_CHILD_CLEARTID, child_tid=0x7f7b48e50910, parent_tid=0x7f7b48e50910, exit_signal=0, stack=0x7f7b48650000, stack_size=0x7fff00, tls=0x7f7b48e50640} <unfinished ...>
236857 <... clone3 resumed> => {parent_tid=[236860]}, 88) = 236860
236860 rseq(0x7f7b49651fe0, 0x20, 0, 0x53053053 <unfinished ...>
236857 rt_sigprocmask(SIG_SETMASK, ~[KILL STOP RTMIN RT_1],  <unfinished ...>
236854 <... clone3 resumed> => {parent_tid=[236861]}, 88) = 236861
236860 <... rseq resumed>)              = 0
236857 <... rt_sigprocmask resumed>NULL, 8) = 0
236854 rt_sigprocmask(SIG_SETMASK, ~[KILL STOP RTMIN RT_1],  <unfinished ...>
236860 set_robust_list(0x7f7b49651920, 24 <unfinished ...>
236857 rt_sigprocmask(SIG_SETMASK, [],  <unfinished ...>
236854 <... rt_sigprocmask resumed>NULL, 8) = 0
236860 <... set_robust_list resumed>)   = 0
236857 <... rt_sigprocmask resumed>NULL, 8) = 0
236854 rt_sigprocmask(SIG_SETMASK, [],  <unfinished ...>
236860 rt_sigprocmask(SIG_SETMASK, ~[KILL STOP RTMIN RT_1],  <unfinished ...>
236857 futex(0x5639927df170, FUTEX_WAKE_PRIVATE, 1 <unfinished ...>
236854 <... rt_sigprocmask resumed>NULL, 8) = 0
236860 <... rt_sigprocmask resumed>NULL, 8) = 0
236857 <... futex resumed>)             = 0
236860 mmap(0x7f7b30000000, 67108864, PROT_NONE, MAP_PRIVATE|MAP_ANONYMOUS|MAP_NORESERVE, -1, 0 <unfinished ...>
236857 futex(0xc000046d50, FUTEX_WAIT_PRIVATE, 0, NULL <unfinished ...>
236854 futex(0xc000046d50, FUTEX_WAKE_PRIVATE, 1 <unfinished ...>
236860 <... mmap resumed>)              = 0x7f7b30000000
236857 <... futex resumed>)             = -1 EAGAIN (资源暂时不可用)
236854 <... futex resumed>)             = 0
236860 mprotect(0x7f7b30000000, 135168, PROT_READ|PROT_WRITE <unfinished ...>
236857 futex(0x5639927df170, FUTEX_WAKE_PRIVATE, 1 <unfinished ...>
236854 futex(0xc000080150, FUTEX_WAKE_PRIVATE, 1 <unfinished ...>
236860 <... mprotect resumed>)          = 0
236857 <... futex resumed>)             = 0
236854 <... futex resumed>)             = 1
236860 sigaltstack(NULL,  <unfinished ...>
236858 <... futex resumed>)             = 0
236857 futex(0xc000046d50, FUTEX_WAIT_PRIVATE, 0, NULL <unfinished ...>
236860 <... sigaltstack resumed>{ss_sp=NULL, ss_flags=SS_DISABLE, ss_size=0}) = 0
236858 futex(0x5639927df170, FUTEX_WAKE_PRIVATE, 1 <unfinished ...>
236854 futex(0x5639927df170, FUTEX_WAIT_PRIVATE, 0, NULL <unfinished ...>
236860 sigaltstack({ss_sp=0xc00019a000, ss_flags=0, ss_size=32768},  <unfinished ...>
236858 <... futex resumed>)             = 0
236854 <... futex resumed>)             = -1 EAGAIN (资源暂时不可用)
236860 <... sigaltstack resumed>NULL)   = 0
236858 futex(0xc000080150, FUTEX_WAIT_PRIVATE, 0, NULL <unfinished ...>
236860 rt_sigprocmask(SIG_SETMASK, [],  <unfinished ...>
236854 futex(0xc000080150, FUTEX_WAKE_PRIVATE, 1 <unfinished ...>
236860 <... rt_sigprocmask resumed>NULL, 8) = 0
236858 <... futex resumed>)             = -1 EAGAIN (资源暂时不可用)
236860 gettid( <unfinished ...>
236854 <... futex resumed>)             = 0
236860 <... gettid resumed>)            = 236860
236858 futex(0x5639927df170, FUTEX_WAKE_PRIVATE, 1 <unfinished ...>
236860 futex(0xc000046950, FUTEX_WAKE_PRIVATE, 1 <unfinished ...>
236854 futex(0xc000046d50, FUTEX_WAKE_PRIVATE, 1 <unfinished ...>
236860 <... futex resumed>)             = 1
236858 <... futex resumed>)             = 0
236860 futex(0x5639927df170, FUTEX_WAKE_PRIVATE, 1 <unfinished ...>
236857 <... futex resumed>)             = 0
236856 <... futex resumed>)             = 0
236854 <... futex resumed>)             = 1
236860 <... futex resumed>)             = 0
236858 futex(0xc000080150, FUTEX_WAIT_PRIVATE, 0, NULL <unfinished ...>
236856 futex(0xc000046950, FUTEX_WAIT_PRIVATE, 0, NULL <unfinished ...>
236860 futex(0xc000047550, FUTEX_WAIT_PRIVATE, 0, NULL <unfinished ...>
236857 futex(0xc000046d50, FUTEX_WAIT_PRIVATE, 0, NULL <unfinished ...>
236854 mmap(NULL, 262144, PROT_READ|PROT_WRITE, MAP_PRIVATE|MAP_ANONYMOUS, -1, 0) = 0x7f7b48610000
236854 futex(0xc000047550, FUTEX_WAKE_PRIVATE, 1) = 1
236860 <... futex resumed>)             = 0
236854 futex(0xc000046d50, FUTEX_WAKE_PRIVATE, 1 <unfinished ...>
236860 futex(0xc000046950, FUTEX_WAKE_PRIVATE, 1 <unfinished ...>
236857 <... futex resumed>)             = 0
236854 <... futex resumed>)             = 1
236857 futex(0xc000046d50, FUTEX_WAIT_PRIVATE, 0, NULL <unfinished ...>
236854 futex(0x5639927df170, FUTEX_WAIT_PRIVATE, 0, NULL <unfinished ...>
236861 rseq(0x7f7b48e50fe0, 0x20, 0, 0x53053053) = 0
236861 set_robust_list(0x7f7b48e50920, 24) = 0
236861 rt_sigprocmask(SIG_SETMASK, ~[KILL STOP RTMIN RT_1], NULL, 8) = 0
236861 mmap(NULL, 134217728, PROT_NONE, MAP_PRIVATE|MAP_ANONYMOUS|MAP_NORESERVE, -1, 0) = 0x7f7b24000000
236861 munmap(0x7f7b28000000, 67108864) = 0
236861 mprotect(0x7f7b24000000, 135168, PROT_READ|PROT_WRITE) = 0
236861 sigaltstack(NULL, {ss_sp=NULL, ss_flags=SS_DISABLE, ss_size=0}) = 0
236861 sigaltstack({ss_sp=0xc000214000, ss_flags=0, ss_size=32768}, NULL) = 0
236861 rt_sigprocmask(SIG_SETMASK, [], NULL, 8) = 0
236861 gettid( <unfinished ...>
236860 <... futex resumed>)             = 1
236856 <... futex resumed>)             = 0
236855 <... nanosleep resumed>NULL)     = 0
236860 futex(0x5639927df170, FUTEX_WAKE_PRIVATE, 1 <unfinished ...>
236861 <... gettid resumed>)            = 236861
236856 futex(0xc000046950, FUTEX_WAIT_PRIVATE, 0, NULL <unfinished ...>
236861 futex(0xc000210150, FUTEX_WAIT_PRIVATE, 0, NULL <unfinished ...>
236860 <... futex resumed>)             = 1
236855 nanosleep({tv_sec=0, tv_nsec=5120000},  <unfinished ...>
236854 <... futex resumed>)             = 0
236860 futex(0xc000047550, FUTEX_WAIT_PRIVATE, 0, NULL) = -1 EAGAIN (资源暂时不可用)
236854 futex(0xc000047550, FUTEX_WAKE_PRIVATE, 1 <unfinished ...>
236860 nanosleep({tv_sec=0, tv_nsec=3000},  <unfinished ...>
236854 <... futex resumed>)             = 0
236854 futex(0xc000210150, FUTEX_WAKE_PRIVATE, 1 <unfinished ...>
236861 <... futex resumed>)             = 0
236860 <... nanosleep resumed>NULL)     = 0
236854 <... futex resumed>)             = 1
236861 futex(0x5639927df170, FUTEX_WAKE_PRIVATE, 1) = 0
236860 futex(0xc000047550, FUTEX_WAIT_PRIVATE, 0, NULL <unfinished ...>
236854 futex(0xc000047550, FUTEX_WAKE_PRIVATE, 1 <unfinished ...>
236861 futex(0xc000210150, FUTEX_WAIT_PRIVATE, 0, NULL <unfinished ...>
236860 <... futex resumed>)             = -1 EAGAIN (资源暂时不可用)
236854 <... futex resumed>)             = 0
236860 nanosleep({tv_sec=0, tv_nsec=3000},  <unfinished ...>
236854 futex(0xc000210150, FUTEX_WAKE_PRIVATE, 1 <unfinished ...>
236861 <... futex resumed>)             = 0
236854 <... futex resumed>)             = 1
236861 futex(0x5639927df170, FUTEX_WAKE_PRIVATE, 1) = 0
236861 futex(0xc000210150, FUTEX_WAIT_PRIVATE, 0, NULL <unfinished ...>
236854 newfstatat(AT_FDCWD, "runc",  <unfinished ...>
236860 <... nanosleep resumed>NULL)     = 0
236860 futex(0xc000210150, FUTEX_WAKE_PRIVATE, 1 <unfinished ...>
236854 <... newfstatat resumed>0xc0001d6448, 0) = -1 ENOENT (没有那个文件或目录)
236861 <... futex resumed>)             = 0
236860 <... futex resumed>)             = 1
236861 futex(0xc000210150, FUTEX_WAIT_PRIVATE, 0, NULL <unfinished ...>
236860 futex(0xc000047550, FUTEX_WAIT_PRIVATE, 0, NULL <unfinished ...>
236854 openat(AT_FDCWD, "", O_RDONLY|O_CLOEXEC) = -1 ENOENT (没有那个文件或目录)
236854 openat(AT_FDCWD, "", O_RDONLY|O_CLOEXEC) = -1 ENOENT (没有那个文件或目录)
236854 openat(AT_FDCWD, "", O_RDONLY|O_CLOEXEC) = -1 ENOENT (没有那个文件或目录)
236854 openat(AT_FDCWD, "", O_RDONLY|O_CLOEXEC) = -1 ENOENT (没有那个文件或目录)
236854 openat(AT_FDCWD, "", O_RDONLY|O_CLOEXEC) = -1 ENOENT (没有那个文件或目录)
236854 openat(AT_FDCWD, "", O_RDONLY|O_CLOEXEC) = -1 ENOENT (没有那个文件或目录)
236854 openat(AT_FDCWD, "", O_RDONLY|O_CLOEXEC) = -1 ENOENT (没有那个文件或目录)
236854 openat(AT_FDCWD, "", O_RDONLY|O_CLOEXEC) = -1 ENOENT (没有那个文件或目录)
236854 openat(AT_FDCWD, "", O_RDONLY|O_CLOEXEC) = -1 ENOENT (没有那个文件或目录)
236854 openat(AT_FDCWD, "", O_RDONLY|O_CLOEXEC) = -1 ENOENT (没有那个文件或目录)
236854 openat(AT_FDCWD, "", O_RDONLY|O_CLOEXEC) = -1 ENOENT (没有那个文件或目录)
236854 openat(AT_FDCWD, "", O_RDONLY|O_CLOEXEC) = -1 ENOENT (没有那个文件或目录)
236854 openat(AT_FDCWD, "", O_RDONLY|O_CLOEXEC) = -1 ENOENT (没有那个文件或目录)
236854 openat(AT_FDCWD, "", O_RDONLY|O_CLOEXEC) = -1 ENOENT (没有那个文件或目录)
236854 openat(AT_FDCWD, "", O_RDONLY|O_CLOEXEC) = -1 ENOENT (没有那个文件或目录)
236854 openat(AT_FDCWD, "", O_RDONLY|O_CLOEXEC) = -1 ENOENT (没有那个文件或目录)
236854 openat(AT_FDCWD, "", O_RDONLY|O_CLOEXEC) = -1 ENOENT (没有那个文件或目录)
236854 openat(AT_FDCWD, "", O_RDONLY|O_CLOEXEC) = -1 ENOENT (没有那个文件或目录)
236854 newfstatat(AT_FDCWD, "", 0xc0001d6788, 0) = -1 ENOENT (没有那个文件或目录)
236854 newfstatat(AT_FDCWD, "", 0xc0001d6858, 0) = -1 ENOENT (没有那个文件或目录)
236854 newfstatat(AT_FDCWD, "", 0xc0001d6928, 0) = -1 ENOENT (没有那个文件或目录)
236854 newfstatat(AT_FDCWD, "", 0xc0001d69f8, 0) = -1 ENOENT (没有那个文件或目录)
236854 newfstatat(AT_FDCWD, "", 0xc0001d6ac8, 0) = -1 ENOENT (没有那个文件或目录)
236855 <... nanosleep resumed>NULL)     = 0
236854 newfstatat(AT_FDCWD, "",  <unfinished ...>
236855 nanosleep({tv_sec=0, tv_nsec=10000000},  <unfinished ...>
236854 <... newfstatat resumed>0xc0001d6b98, 0) = -1 ENOENT (没有那个文件或目录)
236854 newfstatat(AT_FDCWD, "", 0xc0001d6c68, 0) = -1 ENOENT (没有那个文件或目录)
236854 openat(AT_FDCWD, "/run/containerd/io.containerd.runtime.v2.task/moby/fcfadf837b166707b232cede29c1d635a66a21a15c98340b8b5527f1ebe7762a/log.json", O_WRONLY|O_CREAT|O_APPEND|O_SYNC|O_CLOEXEC, 0644) = 4
236854 epoll_ctl(5, EPOLL_CTL_ADD, 4, {events=EPOLLIN|EPOLLOUT|EPOLLRDHUP|EPOLLET, data={u32=1231390424, u64=140167489095384}}) = -1 EPERM (不允许的操作)
236854 openat(AT_FDCWD, "", O_RDONLY|O_CLOEXEC) = -1 ENOENT (没有那个文件或目录)
236854 openat(AT_FDCWD, "", O_RDONLY|O_CLOEXEC) = -1 ENOENT (没有那个文件或目录)
236854 openat(AT_FDCWD, "", O_RDONLY|O_CLOEXEC) = -1 ENOENT (没有那个文件或目录)
236854 openat(AT_FDCWD, "", O_RDONLY|O_CLOEXEC) = -1 ENOENT (没有那个文件或目录)
236854 openat(AT_FDCWD, "", O_RDONLY|O_CLOEXEC) = -1 ENOENT (没有那个文件或目录)
236854 openat(AT_FDCWD, "", O_RDONLY|O_CLOEXEC) = -1 ENOENT (没有那个文件或目录)
236854 openat(AT_FDCWD, "", O_RDONLY|O_CLOEXEC) = -1 ENOENT (没有那个文件或目录)
236854 chdir("/run/containerd/io.containerd.runtime.v2.task/moby/fcfadf837b166707b232cede29c1d635a66a21a15c98340b8b5527f1ebe7762a") = 0
236854 openat(AT_FDCWD, "config.json", O_RDONLY|O_CLOEXEC) = 8
236854 epoll_ctl(5, EPOLL_CTL_ADD, 8, {events=EPOLLIN|EPOLLOUT|EPOLLRDHUP|EPOLLET, data={u32=1231390424, u64=140167489095384}}) = -1 EPERM (不允许的操作)
236854 read(8, "{\"ociVersion\":\"1.0.2-dev\",\"proce"..., 512) = 512
236854 read(8, "FSETID\",\"CAP_FOWNER\",\"CAP_MKNOD\""..., 1024) = 1024
236854 read(8, "\",\"nodev\",\"ro\"]},{\"destination\":"..., 2048) = 2048
236854 read(8, "},{\"type\":\"uts\"},{\"type\":\"pid\"},"..., 4096) = 4096
236854 read(8, "fd_gettime64\",\"timerfd_settime\","..., 8192) = 1449
236854 close(8)                         = 0
236854 geteuid()                        = 0
236854 openat(AT_FDCWD, "/proc/self/uid_map", O_RDONLY|O_CLOEXEC) = 8
236854 epoll_ctl(5, EPOLL_CTL_ADD, 8, {events=EPOLLIN|EPOLLOUT|EPOLLRDHUP|EPOLLET, data={u32=1231390424, u64=140167489095384}}) = -1 EPERM (不允许的操作)
236854 read(8, "         0          0 4294967295"..., 4096) = 33
236854 read(8, "", 4063)                = 0
236854 close(8)                         = 0
236854 geteuid()                        = 0
236854 newfstatat(AT_FDCWD, ".", {st_mode=S_IFDIR|0700, st_size=200, ...}, 0) = 0
236854 getcwd("/run/containerd/io.containerd.runtime.v2.task/moby/fcfadf837b166707b232cede29c1d635a66a21a15c98340b8b5527f1ebe7762a", 4096) = 116
236854 geteuid()                        = 0
236854 newfstatat(AT_FDCWD, "/run/systemd/system", {st_mode=S_IFDIR|0755, st_size=80, ...}, AT_SYMLINK_NOFOLLOW) = 0
236854 newfstatat(AT_FDCWD, "/opt/containerd/bin/newuidmap", 0xc00030a6b8, 0) = -1 ENOENT (没有那个文件或目录)
236854 newfstatat(AT_FDCWD, "/usr/local/sbin/newuidmap", 0xc00030a788, 0) = -1 ENOENT (没有那个文件或目录)
236854 newfstatat(AT_FDCWD, "/usr/local/bin/newuidmap", 0xc00030a858, 0) = -1 ENOENT (没有那个文件或目录)
236854 newfstatat(AT_FDCWD, "/usr/sbin/newuidmap", 0xc00030a928, 0) = -1 ENOENT (没有那个文件或目录)
236854 newfstatat(AT_FDCWD, "/usr/bin/newuidmap", 0xc00030a9f8, 0) = -1 ENOENT (没有那个文件或目录)
236854 newfstatat(AT_FDCWD, "/sbin/newuidmap", 0xc00030aac8, 0) = -1 ENOENT (没有那个文件或目录)
236854 newfstatat(AT_FDCWD, "/bin/newuidmap", 0xc00030ab98, 0) = -1 ENOENT (没有那个文件或目录)
236854 newfstatat(AT_FDCWD, "/snap/bin/newuidmap", 0xc00030ac68, 0) = -1 ENOENT (没有那个文件或目录)
236854 newfstatat(AT_FDCWD, "/opt/containerd/bin/newgidmap", 0xc00030ad38, 0) = -1 ENOENT (没有那个文件或目录)
236854 newfstatat(AT_FDCWD, "/usr/local/sbin/newgidmap", 0xc00030ae08, 0) = -1 ENOENT (没有那个文件或目录)
236854 newfstatat(AT_FDCWD, "/usr/local/bin/newgidmap", 0xc00030aed8, 0) = -1 ENOENT (没有那个文件或目录)
236854 newfstatat(AT_FDCWD, "/usr/sbin/newgidmap", 0xc00030afa8, 0) = -1 ENOENT (没有那个文件或目录)
236854 newfstatat(AT_FDCWD, "/usr/bin/newgidmap", 0xc00030b078, 0) = -1 ENOENT (没有那个文件或目录)
236854 newfstatat(AT_FDCWD, "/sbin/newgidmap", 0xc00030b148, 0) = -1 ENOENT (没有那个文件或目录)
236854 newfstatat(AT_FDCWD, "/bin/newgidmap", 0xc00030b218, 0) = -1 ENOENT (没有那个文件或目录)
236854 newfstatat(AT_FDCWD, "/snap/bin/newgidmap", 0xc00030b2e8, 0) = -1 ENOENT (没有那个文件或目录)
236854 newfstatat(AT_FDCWD, "/var/run/docker/runtime-runc/moby", {st_mode=S_IFDIR|0700, st_size=40, ...}, 0) = 0
236854 statfs("/sys/fs/cgroup", {f_type=CGROUP2_SUPER_MAGIC, f_bsize=4096, f_blocks=0, f_bfree=0, f_bavail=0, f_files=0, f_ffree=0, f_fsid={val=[0, 0]}, f_namelen=255, f_frsize=4096, f_flags=ST_VALID|ST_NOSUID|ST_NODEV|ST_NOEXEC|ST_RELATIME}) = 0
236854 openat(AT_FDCWD, "/proc/cpuinfo", O_RDONLY|O_CLOEXEC) = 8
236854 epoll_ctl(5, EPOLL_CTL_ADD, 8, {events=EPOLLIN|EPOLLOUT|EPOLLRDHUP|EPOLLET, data={u32=1231390424, u64=140167489095384}}) = 0
236854 fcntl(8, F_GETFL)                = 0x8000 (flags O_RDONLY|O_LARGEFILE)
236854 fcntl(8, F_SETFL, O_RDONLY|O_NONBLOCK|O_LARGEFILE) = 0
236855 <... nanosleep resumed>NULL)     = 0
236854 read(8,  <unfinished ...>
236855 epoll_pwait(5, [{events=EPOLLIN|EPOLLOUT, data={u32=1231390424, u64=140167489095384}}], 128, 0, NULL, 140167398557920) = 1
236854 <... read resumed>"processor\t: 0\nvendor_id\t: Genuin"..., 4096) = 3804
236855 futex(0xc000047550, FUTEX_WAKE_PRIVATE, 1 <unfinished ...>
236860 <... futex resumed>)             = 0
236855 <... futex resumed>)             = 1
236854 epoll_ctl(5, EPOLL_CTL_DEL, 8, 0xc0001bf00c <unfinished ...>
236860 futex(0xc000047550, FUTEX_WAIT_PRIVATE, 0, NULL <unfinished ...>
236855 nanosleep({tv_sec=0, tv_nsec=20000},  <unfinished ...>
236854 <... epoll_ctl resumed>)         = 0
236854 close(8 <unfinished ...>
236855 <... nanosleep resumed>NULL)     = 0
236854 <... close resumed>)             = 0
236855 nanosleep({tv_sec=0, tv_nsec=20000},  <unfinished ...>
236854 openat(AT_FDCWD, "/proc/self/mountinfo", O_RDONLY|O_CLOEXEC) = 8
236855 <... nanosleep resumed>NULL)     = 0
236854 epoll_ctl(5, EPOLL_CTL_ADD, 8, {events=EPOLLIN|EPOLLOUT|EPOLLRDHUP|EPOLLET, data={u32=1231390424, u64=140167489095384}} <unfinished ...>
236855 nanosleep({tv_sec=0, tv_nsec=20000},  <unfinished ...>
236854 <... epoll_ctl resumed>)         = 0
236855 <... nanosleep resumed>NULL)     = 0
236854 fcntl(8, F_GETFL <unfinished ...>
236855 nanosleep({tv_sec=0, tv_nsec=20000},  <unfinished ...>
236854 <... fcntl resumed>)             = 0x8000 (flags O_RDONLY|O_LARGEFILE)
